Archive member included to satisfy reference by file (symbol)

.pio\build\uno_r4_minima\libe76\libWire.a(Wire.cpp.o)
                              .pio\build\uno_r4_minima\src\main.cpp.o (Wire)
.pio\build\uno_r4_minima\lib11a\libAdafruit GFX Library.a(Adafruit_GFX.cpp.o)
                              .pio\build\uno_r4_minima\src\main.cpp.o (Adafruit_GFX::fillRect(short, short, short, short, unsigned short))
.pio\build\uno_r4_minima\lib170\libAdafruit SSD1306.a(Adafruit_SSD1306.cpp.o)
                              .pio\build\uno_r4_minima\src\main.cpp.o (Adafruit_SSD1306::Adafruit_SSD1306(unsigned char, unsigned char, TwoWire*, signed char, unsigned long, unsigned long))
.pio\build\uno_r4_minima\lib011\libSdFat.a(ExFatFile.cpp.o)
                              .pio\build\uno_r4_minima\src\main.cpp.o (ExFatFile::open(ExFatVolume*, char const*, int))
.pio\build\uno_r4_minima\lib011\libSdFat.a(ExFatFileWrite.cpp.o)
                              .pio\build\uno_r4_minima\lib011\libSdFat.a(ExFatFile.cpp.o) (ExFatFile::remove())
.pio\build\uno_r4_minima\lib011\libSdFat.a(ExFatName.cpp.o)
                              .pio\build\uno_r4_minima\lib011\libSdFat.a(ExFatFile.cpp.o) (ExFatFile::cmpName(DirName_t const*, ExName_t*))
.pio\build\uno_r4_minima\lib011\libSdFat.a(ExFatPartition.cpp.o)
                              .pio\build\uno_r4_minima\lib011\libSdFat.a(ExFatFileWrite.cpp.o) (ExFatPartition::bitmapFind(unsigned long, unsigned long))
.pio\build\uno_r4_minima\lib011\libSdFat.a(ExFatVolume.cpp.o)
                              .pio\build\uno_r4_minima\lib011\libSdFat.a(ExFatFile.cpp.o) (ExFatVolume::m_cwv)
.pio\build\uno_r4_minima\lib011\libSdFat.a(FatFile.cpp.o)
                              .pio\build\uno_r4_minima\src\main.cpp.o (FatFile::open(FatVolume*, char const*, int))
.pio\build\uno_r4_minima\lib011\libSdFat.a(FatFileLFN.cpp.o)
                              .pio\build\uno_r4_minima\lib011\libSdFat.a(FatFile.cpp.o) (FatFile::open(FatFile*, FatLfn_t*, int))
.pio\build\uno_r4_minima\lib011\libSdFat.a(FatName.cpp.o)
                              .pio\build\uno_r4_minima\lib011\libSdFat.a(FatFileLFN.cpp.o) (FatFile::getLfnChar(DirLfn_t*, unsigned char))
.pio\build\uno_r4_minima\lib011\libSdFat.a(FatPartition.cpp.o)
                              .pio\build\uno_r4_minima\lib011\libSdFat.a(FatFile.cpp.o) (FatPartition::fatGet(unsigned long, unsigned long*))
.pio\build\uno_r4_minima\lib011\libSdFat.a(FatVolume.cpp.o)
                              .pio\build\uno_r4_minima\lib011\libSdFat.a(FatFile.cpp.o) (FatVolume::m_cwv)
.pio\build\uno_r4_minima\lib011\libSdFat.a(FsFile.cpp.o)
                              .pio\build\uno_r4_minima\src\main.cpp.o (FsBaseFile::close())
.pio\build\uno_r4_minima\lib011\libSdFat.a(FsNew.cpp.o)
                              .pio\build\uno_r4_minima\lib011\libSdFat.a(FsFile.cpp.o) (operator new(unsigned int, unsigned long*))
.pio\build\uno_r4_minima\lib011\libSdFat.a(FsVolume.cpp.o)
                              .pio\build\uno_r4_minima\src\main.cpp.o (FsVolume::begin(DedicatedSpiCard*, bool, unsigned char, unsigned long))
.pio\build\uno_r4_minima\lib011\libSdFat.a(SdSpiCard.cpp.o)
                              .pio\build\uno_r4_minima\lib011\libSdFat.a(ExFatFile.cpp.o) (SharedSpiCard::isBusy())
.pio\build\uno_r4_minima\lib011\libSdFat.a(SdSpiChipSelect.cpp.o)
                              .pio\build\uno_r4_minima\lib011\libSdFat.a(SdSpiCard.cpp.o) (sdCsInit(unsigned char))
.pio\build\uno_r4_minima\lib011\libSdFat.a(FsCache.cpp.o)
                              .pio\build\uno_r4_minima\lib011\libSdFat.a(ExFatFile.cpp.o) (FsCache::sync())
.pio\build\uno_r4_minima\lib011\libSdFat.a(FsDateTime.cpp.o)
                              .pio\build\uno_r4_minima\lib011\libSdFat.a(ExFatFile.cpp.o) (FsDateTime::callback)
.pio\build\uno_r4_minima\lib011\libSdFat.a(FsUtf.cpp.o)
                              .pio\build\uno_r4_minima\lib011\libSdFat.a(ExFatName.cpp.o) (FsUtf::cpToMb(unsigned long, char*, char const*))
.pio\build\uno_r4_minima\lib011\libSdFat.a(ExFatFilePrint.cpp.o)
                              .pio\build\uno_r4_minima\lib011\libSdFat.a(FsVolume.cpp.o) (ExFatFile::ls(arduino::Print*, unsigned char, unsigned char))
.pio\build\uno_r4_minima\lib011\libSdFat.a(FatFilePrint.cpp.o)
                              .pio\build\uno_r4_minima\lib011\libSdFat.a(FsVolume.cpp.o) (FatFile::ls(arduino::Print*, unsigned char, unsigned char))
.pio\build\uno_r4_minima\lib011\libSdFat.a(FmtNumber.cpp.o)
                              .pio\build\uno_r4_minima\lib011\libSdFat.a(FsDateTime.cpp.o) (fmtBase10(char*, unsigned short))
.pio\build\uno_r4_minima\libFrameworkArduinoVariant.a(common_data.c.o)
                              .pio\build\uno_r4_minima\libe76\libWire.a(Wire.cpp.o) (g_ioport_ctrl)
.pio\build\uno_r4_minima\libFrameworkArduinoVariant.a(pin_data.c.o)
                              .pio\build\uno_r4_minima\libFrameworkArduinoVariant.a(common_data.c.o) (g_bsp_pin_cfg)
[...]
Memory Configuration

Name             Origin             Length             Attributes
FLASH            0x0000000000004000 0x000000000003c000 xr
RAM              0x0000000020000000 0x0000000000008000 xrw
DATA_FLASH       0x0000000040100000 0x0000000000002000 xr
OPTION_SETTING   0x0000000000000000 0x0000000000000000 r
OPTION_SETTING_S 0x0000000000000000 0x0000000000000000 r
ID_CODE          0x0000000001010018 0x0000000000000020 xr
*default*        0x0000000000000000 0xffffffffffffffff

Linker script and memory map

LOAD .pio\build\uno_r4_minima\src\main.cpp.o
START GROUP
LOAD .pio\build\uno_r4_minima\libe76\libWire.a
LOAD .pio\build\uno_r4_minima\lib926\libSPI.a
LOAD .pio\build\uno_r4_minima\libff2\libAdafruit BusIO.a
LOAD .pio\build\uno_r4_minima\lib11a\libAdafruit GFX Library.a
LOAD .pio\build\uno_r4_minima\lib170\libAdafruit SSD1306.a
LOAD .pio\build\uno_r4_minima\lib011\libSdFat.a
LOAD .pio\build\uno_r4_minima\libFrameworkArduinoVariant.a
LOAD .pio\build\uno_r4_minima\libFrameworkArduino.a
LOAD C:\Users\Nutzer\.platformio\packages\framework-arduinorenesas-uno\variants\MINIMA\libs\libfsp.a
LOAD c:/users/nutzer/.platformio/packages/toolchain-gccarmnoneeabi/bin/../lib/gcc/arm-none-eabi/10.3.1/../../../../arm-none-eabi/lib/thumb/v7e-m+fp/hard\libstdc++_nano.a
LOAD c:/users/nutzer/.platformio/packages/toolchain-gccarmnoneeabi/bin/../lib/gcc/arm-none-eabi/10.3.1/../../../../arm-none-eabi/lib/thumb/v7e-m+fp/hard\libsupc++_nano.a
LOAD c:/users/nutzer/.platformio/packages/toolchain-gccarmnoneeabi/bin/../lib/gcc/arm-none-eabi/10.3.1/../../../../arm-none-eabi/lib/thumb/v7e-m+fp/hard\libm.a
LOAD c:/users/nutzer/.platformio/packages/toolchain-gccarmnoneeabi/bin/../lib/gcc/arm-none-eabi/10.3.1/../../../../arm-none-eabi/lib/thumb/v7e-m+fp/hard\libc_nano.a
LOAD c:/users/nutzer/.platformio/packages/toolchain-gccarmnoneeabi/bin/../lib/gcc/arm-none-eabi/10.3.1/thumb/v7e-m+fp/hard\libgcc.a
LOAD c:/users/nutzer/.platformio/packages/toolchain-gccarmnoneeabi/bin/../lib/gcc/arm-none-eabi/10.3.1/../../../../arm-none-eabi/lib/thumb/v7e-m+fp/hard\libnosys.a
END GROUP
                0x0000000020000000                RAM_START = 0x20000000
                0x0000000000008000                RAM_LENGTH = 0x8000
                0x0000000000000000                FLASH_START = 0x0
                0x0000000000040000                FLASH_LENGTH = 0x40000
                0x0000000040100000                DATA_FLASH_START = 0x40100000
                0x0000000000002000                DATA_FLASH_LENGTH = 0x2000
                0x0000000000000000                OPTION_SETTING_START = 0x0
                0x0000000000000000                OPTION_SETTING_LENGTH = 0x0
                0x0000000000000000                OPTION_SETTING_S_START = 0x0
                0x0000000000000000                OPTION_SETTING_S_LENGTH = 0x0
                0x0000000001010018                ID_CODE_START = 0x1010018
                0x0000000000000020                ID_CODE_LENGTH = 0x20
                0x0000000090000000                SDRAM_START = 0x90000000
                0x0000000000000000                SDRAM_LENGTH = 0x0
                0x0000000060000000                QSPI_FLASH_START = 0x60000000
                0x0000000000000000                QSPI_FLASH_LENGTH = 0x0
                0x0000000068000000                OSPI_DEVICE_0_START = 0x68000000
                0x0000000000000000                OSPI_DEVICE_0_LENGTH = 0x0
                0x0000000070000000                OSPI_DEVICE_1_START = 0x70000000
                0x0000000000000000                OSPI_DEVICE_1_LENGTH = 0x0
                0x0000000000004000                FLASH_IMAGE_START = 0x4000
                0x0000000000000100                VECTOR_TABLE_LENGTH = 0x100
                0x0000000000000400                BSP_CFG_STACK_MAIN_BYTES = 0x400
START GROUP
LOAD c:/users/nutzer/.platformio/packages/toolchain-gccarmnoneeabi/bin/../lib/gcc/arm-none-eabi/10.3.1/thumb/v7e-m+fp/hard\libgcc.a
LOAD c:/users/nutzer/.platformio/packages/toolchain-gccarmnoneeabi/bin/../lib/gcc/arm-none-eabi/10.3.1/../../../../arm-none-eabi/lib/thumb/v7e-m+fp/hard\libc.a
LOAD c:/users/nutzer/.platformio/packages/toolchain-gccarmnoneeabi/bin/../lib/gcc/arm-none-eabi/10.3.1/../../../../arm-none-eabi/lib/thumb/v7e-m+fp/hard\libm.a
LOAD c:/users/nutzer/.platformio/packages/toolchain-gccarmnoneeabi/bin/../lib/gcc/arm-none-eabi/10.3.1/../../../../arm-none-eabi/lib/thumb/v7e-m+fp/hard\libnosys.a
END GROUP

.text           0x0000000000004000    0x11cd0
                0x0000000000000000                __tz_FLASH_S = ABSOLUTE (FLASH_START)
                0x0000000000004000                __ROM_Start = .
 *(.sketch_boot)
                0x0000000000004000                . = ALIGN (0x800)
 *(.fixed_vectors*)
 .fixed_vectors
                0x0000000000004000       0x40 C:\Users\Nutzer\.platformio\packages\framework-arduinorenesas-uno\variants\MINIMA\libs\libfsp.a(startup.o)
                0x0000000000004000                __Vectors
 *(.application_vectors*)
 .application_vectors
                0x0000000000004040       0x80 .pio\build\uno_r4_minima\libFrameworkArduino.a(vector_table.c.o)
                0x0000000000004040                g_vector_table
                0x00000000000040c0                __Vectors_End = .
 *(.text*)
 .text._ZN11ArduinoJson8V720PB226detail16DefaultAllocator10deallocateEPv
                0x00000000000040c0        0x6 .pio\build\uno_r4_minima\src\main.cpp.o
                0x00000000000040c0                ArduinoJson::V720PB22::detail::DefaultAllocator::deallocate(void*)
 .text._ZN11ArduinoJson8V720PB226detail16DefaultAllocator8allocateEj
                0x00000000000040c6        0x6 .pio\build\uno_r4_minima\src\main.cpp.o
                0x00000000000040c6                ArduinoJson::V720PB22::detail::DefaultAllocator::allocate(unsigned int)
 .text._ZN11ArduinoJson8V720PB226detail16DefaultAllocator10reallocateEPvj
                0x00000000000040cc        0x8 .pio\build\uno_r4_minima\src\main.cpp.o
                0x00000000000040cc                ArduinoJson::V720PB22::detail::DefaultAllocator::reallocate(void*, unsigned int)
 .text._ZNK11ArduinoJson8V720PB226detail10StringPool3getINS1_14SizedRamStringEEEPNS1_10StringNodeERKT_.isra.0
                0x00000000000040d4       0x2a .pio\build\uno_r4_minima\src\main.cpp.o
 .text._ZNK11ArduinoJson8V720PB226detail7pgm_ptrIdEixEi.isra.0
                0x00000000000040fe       0x18 .pio\build\uno_r4_minima\src\main.cpp.o
 .text._ZN11ArduinoJson8V720PB226detail10StringNode6createEjPNS0_9AllocatorE
                0x0000000000004116       0x24 .pio\build\uno_r4_minima\src\main.cpp.o
                0x0000000000004116                ArduinoJson::V720PB22::detail::StringNode::create(unsigned int, ArduinoJson::V720PB22::Allocator*)
 .text._ZN11ArduinoJson8V720PB226detail10StringNode7destroyEPS2_PNS0_9AllocatorE
                0x000000000000413a        0xc .pio\build\uno_r4_minima\src\main.cpp.o
                0x000000000000413a                ArduinoJson::V720PB22::detail::StringNode::destroy(ArduinoJson::V720PB22::detail::StringNode*, ArduinoJson::V720PB22::Allocator*)
 .text._ZNK11ArduinoJson8V720PB226detail11VariantData8asStringEv
                0x0000000000004146       0x38 .pio\build\uno_r4_minima\src\main.cpp.o
                0x0000000000004146                ArduinoJson::V720PB22::detail::VariantData::asString() const
 .text._ZN11ArduinoJson8V720PB226detail15ResourceManager12resizeStringEPNS1_10StringNodeEj
                0x000000000000417e       0x32 .pio\build\uno_r4_minima\src\main.cpp.o
                0x000000000000417e                ArduinoJson::V720PB22::detail::ResourceManager::resizeString(ArduinoJson::V720PB22::detail::StringNode*, unsigned int)
 .text._ZN11ArduinoJson8V720PB226detail14decomposeFloatEda
                0x00000000000041b0      0x1c4 .pio\build\uno_r4_minima\src\main.cpp.o
                0x00000000000041b0                ArduinoJson::V720PB22::detail::decomposeFloat(double, signed char)
 .text._ZN11ArduinoJson8V720PB226detail13StringBuilder11startStringEv
                0x0000000000004374       0x20 .pio\build\uno_r4_minima\src\main.cpp.o
                0x0000000000004374                ArduinoJson::V720PB22::detail::StringBuilder::startString()
 .text._ZN11ArduinoJson8V720PB226detail13StringBuilder4saveEv
                0x0000000000004394       0x4c .pio\build\uno_r4_minima\src\main.cpp.o
                0x0000000000004394                ArduinoJson::V720PB22::detail::StringBuilder::save()
 .text._ZN11ArduinoJson8V720PB226detail13StringBuilder6appendEc
                0x00000000000043e0       0x2e .pio\build\uno_r4_minima\src\main.cpp.o
                0x00000000000043e0                ArduinoJson::V720PB22::detail::StringBuilder::append(char)
 *fill*         0x000000000000440e        0x2 ff
 .text._ZN11ArduinoJson8V720PB226detail11parseNumberEPKc
                0x0000000000004410      0x288 .pio\build\uno_r4_minima\src\main.cpp.o
                0x0000000000004410                ArduinoJson::V720PB22::detail::parseNumber(char const*)
 .text._Z17initializeDisplayv
                0x0000000000004698       0x40 .pio\build\uno_r4_minima\src\main.cpp.o
                0x0000000000004698                initializeDisplay()
 .text._Z15initializeFilesv
                0x00000000000046d8       0x7c .pio\build\uno_r4_minima\src\main.cpp.o
                0x00000000000046d8                initializeFiles()
 .text._Z16initializeSdCardv
                0x0000000000004754       0x84 .pio\build\uno_r4_minima\src\main.cpp.o
                0x0000000000004754                initializeSdCard()
 .text._Z22displayCredentialsFormv
                0x00000000000047d8       0x44 .pio\build\uno_r4_minima\src\main.cpp.o
                0x00000000000047d8                displayCredentialsForm()
 .text._Z18promptUserForInputv
                0x000000000000481c       0x3c .pio\build\uno_r4_minima\src\main.cpp.o
                0x000000000000481c                promptUserForInput()
 .text._Z16cleanSerialInputv
                0x0000000000004858       0x1c .pio\build\uno_r4_minima\src\main.cpp.o
                0x0000000000004858                cleanSerialInput()
 .text._ZN11ArduinoJson8V720PB226detail14MemoryPoolListINS1_15ResourceManager8SlotDataEE5clearEPNS0_9AllocatorE
                0x0000000000004874       0x58 .pio\build\uno_r4_minima\src\main.cpp.o
                0x0000000000004874                ArduinoJson::V720PB22::detail::MemoryPoolList<ArduinoJson::V720PB22::detail::ResourceManager::SlotData>::clear(ArduinoJson::V720PB22::Allocator*)
 .text._ZNK11ArduinoJson8V720PB226detail14MemoryPoolListINS1_15ResourceManager8SlotDataEE7getSlotEt
                0x00000000000048cc       0x20 .pio\build\uno_r4_minima\src\main.cpp.o
                0x00000000000048cc                ArduinoJson::V720PB22::detail::MemoryPoolList<ArduinoJson::V720PB22::detail::ResourceManager::SlotData>::getSlot(unsigned short) const
 .text._ZN11ArduinoJson8V720PB226detail18CollectionIterator4nextEPKNS1_15ResourceManagerE
                0x00000000000048ec       0x1c .pio\build\uno_r4_minima\src\main.cpp.o
                0x00000000000048ec                ArduinoJson::V720PB22::detail::CollectionIterator::next(ArduinoJson::V720PB22::detail::ResourceManager const*)
 .text._ZN11ArduinoJson8V720PB226detail11VariantData5clearEPNS1_15ResourceManagerE
                0x0000000000004908       0x90 .pio\build\uno_r4_minima\src\main.cpp.o
                0x0000000000004908                ArduinoJson::V720PB22::detail::VariantData::clear(ArduinoJson::V720PB22::detail::ResourceManager*)
 .text._ZN11ArduinoJson8V720PB226detail14MemoryPoolListINS1_15ResourceManager8SlotDataEE17allocFromLastPoolEv
                0x0000000000004998       0x38 .pio\build\uno_r4_minima\src\main.cpp.o
                0x0000000000004998                ArduinoJson::V720PB22::detail::MemoryPoolList<ArduinoJson::V720PB22::detail::ResourceManager::SlotData>::allocFromLastPool()
 .text._ZN11ArduinoJson8V720PB226detail14MemoryPoolListINS1_15ResourceManager8SlotDataEE9allocSlotEPNS0_9AllocatorE
                0x00000000000049d0       0xdc .pio\build\uno_r4_minima\src\main.cpp.o
                0x00000000000049d0                ArduinoJson::V720PB22::detail::MemoryPoolList<ArduinoJson::V720PB22::detail::ResourceManager::SlotData>::allocSlot(ArduinoJson::V720PB22::Allocator*)
 .text._ZN11ArduinoJson8V720PB226detail15ResourceManager12allocVariantEv
                0x0000000000004aac       0x32 .pio\build\uno_r4_minima\src\main.cpp.o
                0x0000000000004aac                ArduinoJson::V720PB22::detail::ResourceManager::allocVariant()
 .text._ZN11ArduinoJson8V720PB226detail15ResourceManager14allocExtensionEv
                0x0000000000004ade       0x30 .pio\build\uno_r4_minima\src\main.cpp.o
                0x0000000000004ade                ArduinoJson::V720PB22::detail::ResourceManager::allocExtension()
 .text._ZN11ArduinoJson8V720PB226detail16JsonDeserializerINS1_6ReaderIN7arduino6StringEvEEE7currentEv
                0x0000000000004b0e       0x26 .pio\build\uno_r4_minima\src\main.cpp.o
                0x0000000000004b0e                ArduinoJson::V720PB22::detail::JsonDeserializer<ArduinoJson::V720PB22::detail::Reader<arduino::String, void> >::current()
 .text._ZN11ArduinoJson8V720PB226detail16JsonDeserializerINS1_6ReaderIN7arduino6StringEvEEE21skipSpacesAndCommentsEv
                0x0000000000004b34       0x40 .pio\build\uno_r4_minima\src\main.cpp.o
                0x0000000000004b34                ArduinoJson::V720PB22::detail::JsonDeserializer<ArduinoJson::V720PB22::detail::Reader<arduino::String, void> >::skipSpacesAndComments()
 .text._ZN11ArduinoJson8V720PB226detail16JsonDeserializerINS1_6ReaderIN7arduino6StringEvEEE11skipKeywordEPKc
                0x0000000000004b74       0x2a .pio\build\uno_r4_minima\src\main.cpp.o
                0x0000000000004b74                ArduinoJson::V720PB22::detail::JsonDeserializer<ArduinoJson::V720PB22::detail::Reader<arduino::String, void> >::skipKeyword(char const*)
 .text._ZN11ArduinoJson8V720PB226detail16JsonDeserializerINS1_6ReaderIN7arduino6StringEvEEE17parseNumericValueERNS1_11VariantDataE
                0x0000000000004b9e      0x148 .pio\build\uno_r4_minima\src\main.cpp.o
                0x0000000000004b9e                ArduinoJson::V720PB22::detail::JsonDeserializer<ArduinoJson::V720PB22::detail::Reader<arduino::String, void> >::parseNumericValue(ArduinoJson::V720PB22::detail::VariantData&)
 .text._ZN11ArduinoJson8V720PB226detail16JsonDeserializerINS1_6ReaderIN7arduino6StringEvEEE3eatEc
                0x0000000000004ce6       0x18 .pio\build\uno_r4_minima\src\main.cpp.o
                0x0000000000004ce6                ArduinoJson::V720PB22::detail::JsonDeserializer<ArduinoJson::V720PB22::detail::Reader<arduino::String, void> >::eat(char)
 .text._ZN11ArduinoJson8V720PB226detail17CountingDecoratorINS1_6WriterI6FsFilevEEE5writeEPKhj
                0x0000000000004cfe       0x14 .pio\build\uno_r4_minima\src\main.cpp.o
                0x0000000000004cfe                ArduinoJson::V720PB22::detail::CountingDecorator<ArduinoJson::V720PB22::detail::Writer<FsFile, void> >::write(unsigned char const*, unsigned int)
 .text._ZN11ArduinoJson8V720PB226detail13TextFormatterINS1_6WriterI6FsFilevEEE8writeRawEPKc
                0x0000000000004d12       0x1a .pio\build\uno_r4_minima\src\main.cpp.o
                0x0000000000004d12                ArduinoJson::V720PB22::detail::TextFormatter<ArduinoJson::V720PB22::detail::Writer<FsFile, void> >::writeRaw(char const*)
 .text._ZN11ArduinoJson8V720PB226detail13TextFormatterINS1_6WriterI6FsFilevEEE12writeIntegerIyEENS1_9enable_ifIXsrNS1_11is_unsignedIT_EE5valueEvE4typeESA_
                0x0000000000004d2c       0x54 .pio\build\uno_r4_minima\src\main.cpp.o
                0x0000000000004d2c                ArduinoJson::V720PB22::detail::enable_if<ArduinoJson::V720PB22::detail::is_unsigned<unsigned long long>::value, void>::type ArduinoJson::V720PB22::detail::TextFormatter<ArduinoJson::V720PB22::detail::Writer<FsFile, void> >::writeInteger<unsigned long long>(unsigned long long)
 .text._ZNK11ArduinoJson8V720PB226detail10ObjectData7findKeyINS1_19StaticStringAdapterEEENS1_18CollectionIteratorET_PKNS1_15ResourceManagerE
                0x0000000000004d80       0x8a .pio\build\uno_r4_minima\src\main.cpp.o
                0x0000000000004d80                ArduinoJson::V720PB22::detail::CollectionIterator ArduinoJson::V720PB22::detail::ObjectData::findKey<ArduinoJson::V720PB22::detail::StaticStringAdapter>(ArduinoJson::V720PB22::detail::StaticStringAdapter, ArduinoJson::V720PB22::detail::ResourceManager const*) const
 .text._ZNK11ArduinoJson8V720PB226detail10ObjectData9getMemberINS1_19StaticStringAdapterEEEPNS1_11VariantDataET_PKNS1_15ResourceManagerE
                0x0000000000004e0a       0x22 .pio\build\uno_r4_minima\src\main.cpp.o
                0x0000000000004e0a                ArduinoJson::V720PB22::detail::VariantData* ArduinoJson::V720PB22::detail::ObjectData::getMember<ArduinoJson::V720PB22::detail::StaticStringAdapter>(ArduinoJson::V720PB22::detail::StaticStringAdapter, ArduinoJson::V720PB22::detail::ResourceManager const*) const
 .text._ZNK11ArduinoJson8V720PB226detail14VariantRefBaseINS1_11MemberProxyIRNS0_12JsonDocumentEPKcEEE2asIS7_EET_v
                0x0000000000004e2c       0x2e .pio\build\uno_r4_minima\src\main.cpp.o
                0x0000000000004e2c                char const* ArduinoJson::V720PB22::detail::VariantRefBase<ArduinoJson::V720PB22::detail::MemberProxy<ArduinoJson::V720PB22::JsonDocument&, char const*> >::as<char const*>() const
 .text._ZNK11ArduinoJson8V720PB226detail14VariantRefBaseINS1_11MemberProxyIRNS0_12JsonDocumentEPKcEEE5doSetINS0_9ConverterIN7arduino6StringEvEERKSD_EEbOT0_NS1_17integral_constantIbLb0EEE.isra.0
                0x0000000000004e5a      0x102 .pio\build\uno_r4_minima\src\main.cpp.o
 .text._ZN11ArduinoJson8V720PB226detail4Utf815encodeCodepointINS1_13StringBuilderEEEvmRT_
                0x0000000000004f5c       0x8e .pio\build\uno_r4_minima\src\main.cpp.o
                0x0000000000004f5c                void ArduinoJson::V720PB22::detail::Utf8::encodeCodepoint<ArduinoJson::V720PB22::detail::StringBuilder>(unsigned long, ArduinoJson::V720PB22::detail::StringBuilder&)
 *fill*         0x0000000000004fea        0x2 ff
 .text._ZN11ArduinoJson8V720PB226detail16JsonDeserializerINS1_6ReaderIN7arduino6StringEvEEE17parseQuotedStringEv
                0x0000000000004fec       0xe4 .pio\build\uno_r4_minima\src\main.cpp.o
                0x0000000000004fec                ArduinoJson::V720PB22::detail::JsonDeserializer<ArduinoJson::V720PB22::detail::Reader<arduino::String, void> >::parseQuotedString()
 .text._ZN11ArduinoJson8V720PB226detail16JsonDeserializerINS1_6ReaderIN7arduino6StringEvEEE22canBeInNonQuotedStringEc
                0x00000000000050d0       0x26 .pio\build\uno_r4_minima\src\main.cpp.o
                0x00000000000050d0                ArduinoJson::V720PB22::detail::JsonDeserializer<ArduinoJson::V720PB22::detail::Reader<arduino::String, void> >::canBeInNonQuotedString(char)
 *fill*         0x00000000000050f6        0x2 ff
 .text._ZN11ArduinoJson8V720PB226detail16JsonDeserializerINS1_6ReaderIN7arduino6StringEvEEE12parseVariantINS1_14AllowAllFilterEEENS0_20DeserializationError4CodeERNS1_11VariantDataET_NS0_21DeserializationOption12NestingLimitE.isra.0
                0x00000000000050f8      0x2ac .pio\build\uno_r4_minima\src\main.cpp.o
 .text._Z14loadConfigDatav
                0x00000000000053a4      0x144 .pio\build\uno_r4_minima\src\main.cpp.o
                0x00000000000053a4                loadConfigData()
 .text._ZN11ArduinoJson8V720PB226detail17CountingDecoratorINS1_6WriterI6FsFilevEEE5writeEh
                0x00000000000054e8       0x14 .pio\build\uno_r4_minima\src\main.cpp.o
                0x00000000000054e8                ArduinoJson::V720PB22::detail::CountingDecorator<ArduinoJson::V720PB22::detail::Writer<FsFile, void> >::write(unsigned char)
 .text._ZN11ArduinoJson8V720PB226detail13TextFormatterINS1_6WriterI6FsFilevEEE10writeFloatEda
                0x00000000000054fc      0x134 .pio\build\uno_r4_minima\src\main.cpp.o
                0x00000000000054fc                ArduinoJson::V720PB22::detail::TextFormatter<ArduinoJson::V720PB22::detail::Writer<FsFile, void> >::writeFloat(double, signed char)
 .text._ZN11ArduinoJson8V720PB226detail13TextFormatterINS1_6WriterI6FsFilevEEE11writeStringEPKcj
                0x0000000000005630       0x6c .pio\build\uno_r4_minima\src\main.cpp.o
                0x0000000000005630                ArduinoJson::V720PB22::detail::TextFormatter<ArduinoJson::V720PB22::detail::Writer<FsFile, void> >::writeString(char const*, unsigned int)
 .text._ZN11ArduinoJson8V720PB226detail13TextFormatterINS1_6WriterI6FsFilevEEE12writeIntegerIxEENS1_9enable_ifIXsrNS1_9is_signedIT_EE5valueEvE4typeESA_
                0x000000000000569c       0x22 .pio\build\uno_r4_minima\src\main.cpp.o
                0x000000000000569c                ArduinoJson::V720PB22::detail::enable_if<ArduinoJson::V720PB22::detail::is_signed<long long>::value, void>::type ArduinoJson::V720PB22::detail::TextFormatter<ArduinoJson::V720PB22::detail::Writer<FsFile, void> >::writeInteger<long long>(long long)
 *fill*         0x00000000000056be        0x2 ff
 .text._ZNK11ArduinoJson8V720PB226detail11VariantData6acceptINS1_14JsonSerializerINS1_6WriterI6FsFilevEEEEEENT_11result_typeERS9_PKNS1_15ResourceManagerE.isra.0
                0x00000000000056c0      0x170 .pio\build\uno_r4_minima\src\main.cpp.o
 .text._Z14saveConfigDatav
                0x0000000000005830       0x58 .pio\build\uno_r4_minima\src\main.cpp.o
                0x0000000000005830                saveConfigData()
 .text.startup._GLOBAL__sub_I_display
                0x0000000000005888       0x98 .pio\build\uno_r4_minima\src\main.cpp.o
 .text.exit._GLOBAL__sub_D_display
                0x0000000000005920       0x34 .pio\build\uno_r4_minima\src\main.cpp.o
 .text._Z17updateCredentialsPKcS0_
                0x0000000000005954       0x54 .pio\build\uno_r4_minima\src\main.cpp.o
                0x0000000000005954                updateCredentials(char const*, char const*)
 .text._Z19populateDisplayDatav
                0x00000000000059a8       0x38 .pio\build\uno_r4_minima\src\main.cpp.o
                0x00000000000059a8                populateDisplayData()
 .text._Z22getDataFromSerialInputv
                0x00000000000059e0       0x20 .pio\build\uno_r4_minima\src\main.cpp.o
                0x00000000000059e0                getDataFromSerialInput()
 .text.loop     0x0000000000005a00       0xfc .pio\build\uno_r4_minima\src\main.cpp.o
                0x0000000000005a00                loop
 .text.setup    0x0000000000005afc       0x40 .pio\build\uno_r4_minima\src\main.cpp.o
                0x0000000000005afc                setup
 .text._ZN7arduino5Print17availableForWriteEv
                0x0000000000005b3c        0x4 .pio\build\uno_r4_minima\libe76\libWire.a(Wire.cpp.o)
                0x0000000000005b3c                arduino::Print::availableForWrite()
 .text._ZN7TwoWire21WireSCIMasterCallbackEP27st_i2c_master_callback_args
                0x0000000000005b40       0x38 .pio\build\uno_r4_minima\libe76\libWire.a(Wire.cpp.o)
                0x0000000000005b40                TwoWire::WireSCIMasterCallback(st_i2c_master_callback_args*)
 .text._ZN7TwoWire18WireMasterCallbackEP27st_i2c_master_callback_args
                0x0000000000005b78       0x38 .pio\build\uno_r4_minima\libe76\libWire.a(Wire.cpp.o)
                0x0000000000005b78                TwoWire::WireMasterCallback(st_i2c_master_callback_args*)
 .text._ZN7TwoWire3endEv
                0x0000000000005bb0       0x28 .pio\build\uno_r4_minima\libe76\libWire.a(Wire.cpp.o)
                0x0000000000005bb0                TwoWire::end()
 .text._ZN7TwoWire15endTransmissionEv
                0x0000000000005bd8        0x8 .pio\build\uno_r4_minima\libe76\libWire.a(Wire.cpp.o)
                0x0000000000005bd8                TwoWire::endTransmission()
 .text._ZN7TwoWire11requestFromEhj
                0x0000000000005be0       0x10 .pio\build\uno_r4_minima\libe76\libWire.a(Wire.cpp.o)
                0x0000000000005be0                TwoWire::requestFrom(unsigned char, unsigned int)
 .text._ZN7TwoWire5writeEh
                0x0000000000005bf0       0x54 .pio\build\uno_r4_minima\libe76\libWire.a(Wire.cpp.o)
                0x0000000000005bf0                TwoWire::write(unsigned char)
 .text._ZN7TwoWire9onReceiveEPFviE
                0x0000000000005c44        0x6 .pio\build\uno_r4_minima\libe76\libWire.a(Wire.cpp.o)
                0x0000000000005c44                TwoWire::onReceive(void (*)(int))
 .text._ZN7TwoWire9onRequestEPFvvE
                0x0000000000005c4a        0x6 .pio\build\uno_r4_minima\libe76\libWire.a(Wire.cpp.o)
                0x0000000000005c4a                TwoWire::onRequest(void (*)())
 .text._ZN7TwoWire9availableEv
                0x0000000000005c50        0xc .pio\build\uno_r4_minima\libe76\libWire.a(Wire.cpp.o)
                0x0000000000005c50                TwoWire::available()
 .text._ZN7TwoWire4readEv
                0x0000000000005c5c       0x22 .pio\build\uno_r4_minima\libe76\libWire.a(Wire.cpp.o)
                0x0000000000005c5c                TwoWire::read()
 .text._ZN7TwoWire4peekEv
                0x0000000000005c7e       0x18 .pio\build\uno_r4_minima\libe76\libWire.a(Wire.cpp.o)
                0x0000000000005c7e                TwoWire::peek()
 .text._ZN7TwoWire5flushEv
                0x0000000000005c96       0x12 .pio\build\uno_r4_minima\libe76\libWire.a(Wire.cpp.o)
                0x0000000000005c96                TwoWire::flush()
 .text._ZN7TwoWire5writeEPKhj
                0x0000000000005ca8       0x36 .pio\build\uno_r4_minima\libe76\libWire.a(Wire.cpp.o)
                0x0000000000005ca8                TwoWire::write(unsigned char const*, unsigned int)
 *fill*         0x0000000000005cde        0x2 ff
 .text._ZN7TwoWire8setClockEm
                0x0000000000005ce0       0xdc .pio\build\uno_r4_minima\libe76\libWire.a(Wire.cpp.o)
                0x0000000000005ce0                TwoWire::setClock(unsigned long)
 .text._ZN7TwoWire10slave_readEm
                0x0000000000005dbc       0x28 .pio\build\uno_r4_minima\libe76\libWire.a(Wire.cpp.o)
                0x0000000000005dbc                TwoWire::slave_read(unsigned long)
 .text._ZN7TwoWire17WireSlaveCallbackEP26st_i2c_slave_callback_args
                0x0000000000005de4      0x104 .pio\build\uno_r4_minima\libe76\libWire.a(Wire.cpp.o)
                0x0000000000005de4                TwoWire::WireSlaveCallback(st_i2c_slave_callback_args*)
 .text._ZN7TwoWireC2Eii17WireAddressMode_tb
                0x0000000000005ee8       0x70 .pio\build\uno_r4_minima\libe76\libWire.a(Wire.cpp.o)
                0x0000000000005ee8                TwoWire::TwoWire(int, int, WireAddressMode_t, bool)
                0x0000000000005ee8                TwoWire::TwoWire(int, int, WireAddressMode_t, bool)
 .text._ZN7TwoWire8cfg_pinsEi
                0x0000000000005f58      0x100 .pio\build\uno_r4_minima\libe76\libWire.a(Wire.cpp.o)
                0x0000000000005f58                TwoWire::cfg_pins(int)
 .text._ZN7TwoWire5beginEv
                0x0000000000006058      0x24c .pio\build\uno_r4_minima\libe76\libWire.a(Wire.cpp.o)
                0x0000000000006058                TwoWire::begin()
 .text._ZN7TwoWire5beginEt
                0x00000000000062a4        0xe .pio\build\uno_r4_minima\libe76\libWire.a(Wire.cpp.o)
                0x00000000000062a4                TwoWire::begin(unsigned short)
 .text._ZN7TwoWire5beginEh
                0x00000000000062b2        0xc .pio\build\uno_r4_minima\libe76\libWire.a(Wire.cpp.o)
                0x00000000000062b2                TwoWire::begin(unsigned char)
 .text._ZN7TwoWire9read_fromEhPhhjb
                0x00000000000062be       0x72 .pio\build\uno_r4_minima\libe76\libWire.a(Wire.cpp.o)
                0x00000000000062be                TwoWire::read_from(unsigned char, unsigned char*, unsigned char, unsigned int, bool)
 .text._ZN7TwoWire8write_toEhPhhjb
                0x0000000000006330       0x94 .pio\build\uno_r4_minima\libe76\libWire.a(Wire.cpp.o)
                0x0000000000006330                TwoWire::write_to(unsigned char, unsigned char*, unsigned char, unsigned int, bool)
 .text._ZN7TwoWire15endTransmissionEb
                0x00000000000063c4       0x24 .pio\build\uno_r4_minima\libe76\libWire.a(Wire.cpp.o)
                0x00000000000063c4                TwoWire::endTransmission(bool)
 .text._ZN7TwoWire17beginTransmissionEm
                0x00000000000063e8       0x14 .pio\build\uno_r4_minima\libe76\libWire.a(Wire.cpp.o)
                0x00000000000063e8                TwoWire::beginTransmission(unsigned long)
 .text._ZN7TwoWire17beginTransmissionEh
                0x00000000000063fc        0x4 .pio\build\uno_r4_minima\libe76\libWire.a(Wire.cpp.o)
                0x00000000000063fc                TwoWire::beginTransmission(unsigned char)
 .text._ZN7TwoWire17beginTransmissionEi
                0x0000000000006400        0x4 .pio\build\uno_r4_minima\libe76\libWire.a(Wire.cpp.o)
                0x0000000000006400                TwoWire::beginTransmission(int)
 .text._ZN7TwoWire11requestFromEhjmhh
                0x0000000000006404       0x7e .pio\build\uno_r4_minima\libe76\libWire.a(Wire.cpp.o)
                0x0000000000006404                TwoWire::requestFrom(unsigned char, unsigned int, unsigned long, unsigned char, unsigned char)
 .text._ZN7TwoWire11requestFromEhjb
                0x0000000000006482       0x12 .pio\build\uno_r4_minima\libe76\libWire.a(Wire.cpp.o)
                0x0000000000006482                TwoWire::requestFrom(unsigned char, unsigned int, bool)
 .text.startup._GLOBAL__sub_I__ZN7TwoWire10g_SCIWiresE
                0x0000000000006494       0x1c .pio\build\uno_r4_minima\libe76\libWire.a(Wire.cpp.o)
 .text._ZN7arduino5Print5flushEv
                0x00000000000064b0        0x2 .pio\build\uno_r4_minima\lib11a\libAdafruit GFX Library.a(Adafruit_GFX.cpp.o)
                0x00000000000064b0                arduino::Print::flush()
 .text._ZN12Adafruit_GFX9writeLineEsssst
                0x00000000000064b2       0xbe .pio\build\uno_r4_minima\lib11a\libAdafruit GFX Library.a(Adafruit_GFX.cpp.o)
                0x00000000000064b2                Adafruit_GFX::writeLine(short, short, short, short, unsigned short)
 .text._ZN12Adafruit_GFX10startWriteEv
                0x0000000000006570        0x2 .pio\build\uno_r4_minima\lib11a\libAdafruit GFX Library.a(Adafruit_GFX.cpp.o)
                0x0000000000006570                Adafruit_GFX::startWrite()
                0x0000000000006570                Adafruit_GFX::endWrite()
 .text._ZN12Adafruit_GFX10writePixelEsst
                0x0000000000006572        0xe .pio\build\uno_r4_minima\lib11a\libAdafruit GFX Library.a(Adafruit_GFX.cpp.o)
                0x0000000000006572                Adafruit_GFX::writePixel(short, short, unsigned short)
 .text._ZN12Adafruit_GFX14writeFastVLineEssst
                0x0000000000006580       0x12 .pio\build\uno_r4_minima\lib11a\libAdafruit GFX Library.a(Adafruit_GFX.cpp.o)
                0x0000000000006580                Adafruit_GFX::writeFastVLine(short, short, short, unsigned short)
 .text._ZN12Adafruit_GFX14writeFastHLineEssst
                0x0000000000006592       0x12 .pio\build\uno_r4_minima\lib11a\libAdafruit GFX Library.a(Adafruit_GFX.cpp.o)
                0x0000000000006592                Adafruit_GFX::writeFastHLine(short, short, short, unsigned short)
 .text._ZN12Adafruit_GFX13writeFillRectEsssst
                0x00000000000065a4       0x18 .pio\build\uno_r4_minima\lib11a\libAdafruit GFX Library.a(Adafruit_GFX.cpp.o)
                0x00000000000065a4                Adafruit_GFX::writeFillRect(short, short, short, short, unsigned short)
 .text._ZN12Adafruit_GFX13drawFastVLineEssst
                0x00000000000065bc       0x3e .pio\build\uno_r4_minima\lib11a\libAdafruit GFX Library.a(Adafruit_GFX.cpp.o)
                0x00000000000065bc                Adafruit_GFX::drawFastVLine(short, short, short, unsigned short)
 .text._ZN12Adafruit_GFX13drawFastHLineEssst
                0x00000000000065fa       0x3a .pio\build\uno_r4_minima\lib11a\libAdafruit GFX Library.a(Adafruit_GFX.cpp.o)
                0x00000000000065fa                Adafruit_GFX::drawFastHLine(short, short, short, unsigned short)
 .text._ZN12Adafruit_GFX8fillRectEsssst
                0x0000000000006634       0x46 .pio\build\uno_r4_minima\lib11a\libAdafruit GFX Library.a(Adafruit_GFX.cpp.o)
                0x0000000000006634                Adafruit_GFX::fillRect(short, short, short, short, unsigned short)
 .text._ZN12Adafruit_GFX10fillScreenEt
                0x000000000000667a       0x1c .pio\build\uno_r4_minima\lib11a\libAdafruit GFX Library.a(Adafruit_GFX.cpp.o)
                0x000000000000667a                Adafruit_GFX::fillScreen(unsigned short)
 .text._ZN12Adafruit_GFX8drawLineEsssst
                0x0000000000006696       0x84 .pio\build\uno_r4_minima\lib11a\libAdafruit GFX Library.a(Adafruit_GFX.cpp.o)
                0x0000000000006696                Adafruit_GFX::drawLine(short, short, short, short, unsigned short)
 .text._ZN12Adafruit_GFX8drawRectEsssst
                0x000000000000671a       0x80 .pio\build\uno_r4_minima\lib11a\libAdafruit GFX Library.a(Adafruit_GFX.cpp.o)
                0x000000000000671a                Adafruit_GFX::drawRect(short, short, short, short, unsigned short)
 .text._ZN12Adafruit_GFX13invertDisplayEb
                0x000000000000679a        0x2 .pio\build\uno_r4_minima\lib11a\libAdafruit GFX Library.a(Adafruit_GFX.cpp.o)
                0x000000000000679a                Adafruit_GFX::invertDisplay(bool)
 .text._ZN12Adafruit_GFX11setRotationEh
                0x000000000000679c       0x1c .pio\build\uno_r4_minima\lib11a\libAdafruit GFX Library.a(Adafruit_GFX.cpp.o)
                0x000000000000679c                Adafruit_GFX::setRotation(unsigned char)
 .text._ZN12Adafruit_GFXC2Ess
                0x00000000000067b8       0x2c .pio\build\uno_r4_minima\lib11a\libAdafruit GFX Library.a(Adafruit_GFX.cpp.o)
                0x00000000000067b8                Adafruit_GFX::Adafruit_GFX(short, short)
                0x00000000000067b8                Adafruit_GFX::Adafruit_GFX(short, short)
 .text._ZN12Adafruit_GFX10drawBitmapEssPKhsst
                0x00000000000067e4       0xa8 .pio\build\uno_r4_minima\lib11a\libAdafruit GFX Library.a(Adafruit_GFX.cpp.o)
                0x00000000000067e4                Adafruit_GFX::drawBitmap(short, short, unsigned char const*, short, short, unsigned short)
 .text._ZN12Adafruit_GFX8drawCharEsshtthh
                0x000000000000688c      0x2dc .pio\build\uno_r4_minima\lib11a\libAdafruit GFX Library.a(Adafruit_GFX.cpp.o)
                0x000000000000688c                Adafruit_GFX::drawChar(short, short, unsigned char, unsigned short, unsigned short, unsigned char, unsigned char)
 .text._ZN12Adafruit_GFX5writeEh
                0x0000000000006b68      0x102 .pio\build\uno_r4_minima\lib11a\libAdafruit GFX Library.a(Adafruit_GFX.cpp.o)
                0x0000000000006b68                Adafruit_GFX::write(unsigned char)
 .text._ZN12Adafruit_GFX11setTextSizeEh
                0x0000000000006c6a        0xc .pio\build\uno_r4_minima\lib11a\libAdafruit GFX Library.a(Adafruit_GFX.cpp.o)
                0x0000000000006c6a                Adafruit_GFX::setTextSize(unsigned char)
 .text._ZN16Adafruit_SSD13069drawPixelEsst
                0x0000000000006c76       0xc2 .pio\build\uno_r4_minima\lib170\libAdafruit SSD1306.a(Adafruit_SSD1306.cpp.o)
                0x0000000000006c76                Adafruit_SSD1306::drawPixel(short, short, unsigned short)
 .text._ZN16Adafruit_SSD1306C2EhhP7TwoWireamm
                0x0000000000006d38       0x5c .pio\build\uno_r4_minima\lib170\libAdafruit SSD1306.a(Adafruit_SSD1306.cpp.o)
                0x0000000000006d38                Adafruit_SSD1306::Adafruit_SSD1306(unsigned char, unsigned char, TwoWire*, signed char, unsigned long, unsigned long)
                0x0000000000006d38                Adafruit_SSD1306::Adafruit_SSD1306(unsigned char, unsigned char, TwoWire*, signed char, unsigned long, unsigned long)
 .text._ZN16Adafruit_SSD1306D2Ev
                0x0000000000006d94       0x18 .pio\build\uno_r4_minima\lib170\libAdafruit SSD1306.a(Adafruit_SSD1306.cpp.o)
                0x0000000000006d94                Adafruit_SSD1306::~Adafruit_SSD1306()
                0x0000000000006d94                Adafruit_SSD1306::~Adafruit_SSD1306()
 .text._ZN16Adafruit_SSD130616ssd1306_command1Eh
                0x0000000000006dac       0x82 .pio\build\uno_r4_minima\lib170\libAdafruit SSD1306.a(Adafruit_SSD1306.cpp.o)
                0x0000000000006dac                Adafruit_SSD1306::ssd1306_command1(unsigned char)
 .text._ZN16Adafruit_SSD130613invertDisplayEb
                0x0000000000006e2e       0x66 .pio\build\uno_r4_minima\lib170\libAdafruit SSD1306.a(Adafruit_SSD1306.cpp.o)
                0x0000000000006e2e                Adafruit_SSD1306::invertDisplay(bool)
 .text._ZN16Adafruit_SSD130619ssd1306_commandListEPKhh
                0x0000000000006e94       0xd0 .pio\build\uno_r4_minima\lib170\libAdafruit SSD1306.a(Adafruit_SSD1306.cpp.o)
                0x0000000000006e94                Adafruit_SSD1306::ssd1306_commandList(unsigned char const*, unsigned char)
 .text._ZN16Adafruit_SSD130612clearDisplayEv
                0x0000000000006f64       0x1c .pio\build\uno_r4_minima\lib170\libAdafruit SSD1306.a(Adafruit_SSD1306.cpp.o)
                0x0000000000006f64                Adafruit_SSD1306::clearDisplay()
 .text._ZN16Adafruit_SSD13065beginEhhbb
                0x0000000000006f80      0x30c .pio\build\uno_r4_minima\lib170\libAdafruit SSD1306.a(Adafruit_SSD1306.cpp.o)
                0x0000000000006f80                Adafruit_SSD1306::begin(unsigned char, unsigned char, bool, bool)
 .text._ZN16Adafruit_SSD130621drawFastHLineInternalEssst
                0x000000000000728c       0x88 .pio\build\uno_r4_minima\lib170\libAdafruit SSD1306.a(Adafruit_SSD1306.cpp.o)
                0x000000000000728c                Adafruit_SSD1306::drawFastHLineInternal(short, short, short, unsigned short)
 .text._ZN16Adafruit_SSD130621drawFastVLineInternalEssst
                0x0000000000007314      0x108 .pio\build\uno_r4_minima\lib170\libAdafruit SSD1306.a(Adafruit_SSD1306.cpp.o)
                0x0000000000007314                Adafruit_SSD1306::drawFastVLineInternal(short, short, short, unsigned short)
 .text._ZN16Adafruit_SSD130613drawFastHLineEssst
                0x000000000000741c       0x4e .pio\build\uno_r4_minima\lib170\libAdafruit SSD1306.a(Adafruit_SSD1306.cpp.o)
                0x000000000000741c                Adafruit_SSD1306::drawFastHLine(short, short, short, unsigned short)
 .text._ZN16Adafruit_SSD130613drawFastVLineEssst
                0x000000000000746a       0x4e .pio\build\uno_r4_minima\lib170\libAdafruit SSD1306.a(Adafruit_SSD1306.cpp.o)
                0x000000000000746a                Adafruit_SSD1306::drawFastVLine(short, short, short, unsigned short)
 .text._ZN16Adafruit_SSD13067displayEv
                0x00000000000074b8      0x150 .pio\build\uno_r4_minima\lib170\libAdafruit SSD1306.a(Adafruit_SSD1306.cpp.o)
                0x00000000000074b8                Adafruit_SSD1306::display()
 .text._ZN9ExFatFile8dirCacheEhh
                0x0000000000007608       0x38 .pio\build\uno_r4_minima\lib011\libSdFat.a(ExFatFile.cpp.o)
                0x0000000000007608                ExFatFile::dirCache(unsigned char, unsigned char)
 .text._ZN9ExFatFile5closeEv
                0x0000000000007640       0x14 .pio\build\uno_r4_minima\lib011\libSdFat.a(ExFatFile.cpp.o)
                0x0000000000007640                ExFatFile::close()
 .text._ZN9ExFatFile8openRootEP11ExFatVolume
                0x0000000000007654       0x26 .pio\build\uno_r4_minima\lib011\libSdFat.a(ExFatFile.cpp.o)
                0x0000000000007654                ExFatFile::openRoot(ExFatVolume*)
 *fill*         0x000000000000767a        0x2 ff
 .text._ZN9ExFatFile13parsePathNameEPKcP8ExName_tPS1_
                0x000000000000767c       0x74 .pio\build\uno_r4_minima\lib011\libSdFat.a(ExFatFile.cpp.o)
                0x000000000000767c                ExFatFile::parsePathName(char const*, ExName_t*, char const**)
 .text._ZN9ExFatFile4readEPvj
                0x00000000000076f0      0x18c .pio\build\uno_r4_minima\lib011\libSdFat.a(ExFatFile.cpp.o)
                0x00000000000076f0                ExFatFile::read(void*, unsigned int)
 .text._ZN9ExFatFile4peekEv
                0x000000000000787c       0x2c .pio\build\uno_r4_minima\lib011\libSdFat.a(ExFatFile.cpp.o)
                0x000000000000787c                ExFatFile::peek()
 .text._ZN9ExFatFile7seekSetEy
                0x00000000000078a8       0xdc .pio\build\uno_r4_minima\lib011\libSdFat.a(ExFatFile.cpp.o)
                0x00000000000078a8                ExFatFile::seekSet(unsigned long long)
 .text._ZN9ExFatFile11openPrivateEPS_P8ExName_ti
                0x0000000000007984      0x34c .pio\build\uno_r4_minima\lib011\libSdFat.a(ExFatFile.cpp.o)
                0x0000000000007984                ExFatFile::openPrivate(ExFatFile*, ExName_t*, int)
 .text._ZN9ExFatFile4openEPS_PKci
                0x0000000000007cd0       0xc6 .pio\build\uno_r4_minima\lib011\libSdFat.a(ExFatFile.cpp.o)
                0x0000000000007cd0                ExFatFile::open(ExFatFile*, char const*, int)
 .text._ZN9ExFatFile4openEP11ExFatVolumePKci
                0x0000000000007d96        0xe .pio\build\uno_r4_minima\lib011\libSdFat.a(ExFatFile.cpp.o)
                0x0000000000007d96                ExFatFile::open(ExFatVolume*, char const*, int)
 .text._ZL16exFatDirChecksumPKht
                0x0000000000007da4       0x2e .pio\build\uno_r4_minima\lib011\libSdFat.a(ExFatFileWrite.cpp.o)
 .text._ZN14ExFatPartition9cacheSyncEv
                0x0000000000007dd2       0x24 .pio\build\uno_r4_minima\lib011\libSdFat.a(ExFatFileWrite.cpp.o)
                0x0000000000007dd2                ExFatPartition::cacheSync()
 .text._ZN9ExFatFile10addClusterEv
                0x0000000000007df6       0x94 .pio\build\uno_r4_minima\lib011\libSdFat.a(ExFatFileWrite.cpp.o)
                0x0000000000007df6                ExFatFile::addCluster()
 *fill*         0x0000000000007e8a        0x2 ff
 .text._ZN9ExFatFile7syncDirEv
                0x0000000000007e8c       0xdc .pio\build\uno_r4_minima\lib011\libSdFat.a(ExFatFileWrite.cpp.o)
                0x0000000000007e8c                ExFatFile::syncDir()
 .text._ZN9ExFatFile4syncEv
                0x0000000000007f68       0x42 .pio\build\uno_r4_minima\lib011\libSdFat.a(ExFatFileWrite.cpp.o)
                0x0000000000007f68                ExFatFile::sync()
 .text._ZN9ExFatFile13addDirClusterEv
                0x0000000000007faa       0xb0 .pio\build\uno_r4_minima\lib011\libSdFat.a(ExFatFileWrite.cpp.o)
                0x0000000000007faa                ExFatFile::addDirCluster()
 .text._ZN9ExFatFile8truncateEv
                0x000000000000805a       0xca .pio\build\uno_r4_minima\lib011\libSdFat.a(ExFatFileWrite.cpp.o)
                0x000000000000805a                ExFatFile::truncate()
 .text._ZN9ExFatFile5writeEPKvj
                0x0000000000008124      0x20c .pio\build\uno_r4_minima\lib011\libSdFat.a(ExFatFileWrite.cpp.o)
                0x0000000000008124                ExFatFile::write(void const*, unsigned int)
 .text._ZN9ExFatFile7cmpNameEPK9DirName_tP8ExName_t
                0x0000000000008330       0x54 .pio\build\uno_r4_minima\lib011\libSdFat.a(ExFatName.cpp.o)
                0x0000000000008330                ExFatFile::cmpName(DirName_t const*, ExName_t*)
 .text._ZN9ExFatFile8hashNameEP8ExName_t
                0x0000000000008384       0x56 .pio\build\uno_r4_minima\lib011\libSdFat.a(ExFatName.cpp.o)
                0x0000000000008384                ExFatFile::hashName(ExName_t*)
 .text._ZN14ExFatPartition10bitmapFindEmm
                0x00000000000083da       0xaa .pio\build\uno_r4_minima\lib011\libSdFat.a(ExFatPartition.cpp.o)
                0x00000000000083da                ExFatPartition::bitmapFind(unsigned long, unsigned long)
 .text._ZN14ExFatPartition12bitmapModifyEmmb
                0x0000000000008484       0xa2 .pio\build\uno_r4_minima\lib011\libSdFat.a(ExFatPartition.cpp.o)
                0x0000000000008484                ExFatPartition::bitmapModify(unsigned long, unsigned long, bool)
 .text._ZN14ExFatPartition8dirCacheEP8DirPos_th
                0x0000000000008526       0x34 .pio\build\uno_r4_minima\lib011\libSdFat.a(ExFatPartition.cpp.o)
                0x0000000000008526                ExFatPartition::dirCache(DirPos_t*, unsigned char)
 .text._ZN14ExFatPartition6fatGetEmPm
                0x000000000000855a       0x40 .pio\build\uno_r4_minima\lib011\libSdFat.a(ExFatPartition.cpp.o)
                0x000000000000855a                ExFatPartition::fatGet(unsigned long, unsigned long*)
 .text._ZN14ExFatPartition9chainSizeEm
                0x000000000000859a       0x26 .pio\build\uno_r4_minima\lib011\libSdFat.a(ExFatPartition.cpp.o)
                0x000000000000859a                ExFatPartition::chainSize(unsigned long)
 .text._ZN14ExFatPartition7dirSeekEP8DirPos_tm
                0x00000000000085c0       0x40 .pio\build\uno_r4_minima\lib011\libSdFat.a(ExFatPartition.cpp.o)
                0x00000000000085c0                ExFatPartition::dirSeek(DirPos_t*, unsigned long)
 .text._ZN14ExFatPartition6fatPutEmm
                0x0000000000008600       0x3a .pio\build\uno_r4_minima\lib011\libSdFat.a(ExFatPartition.cpp.o)
                0x0000000000008600                ExFatPartition::fatPut(unsigned long, unsigned long)
 .text._ZN14ExFatPartition9freeChainEm
                0x000000000000863a       0x5a .pio\build\uno_r4_minima\lib011\libSdFat.a(ExFatPartition.cpp.o)
                0x000000000000863a                ExFatPartition::freeChain(unsigned long)
 .text._ZN14ExFatPartition4initEP16DedicatedSpiCardhm
                0x0000000000008694       0xe0 .pio\build\uno_r4_minima\lib011\libSdFat.a(ExFatPartition.cpp.o)
                0x0000000000008694                ExFatPartition::init(DedicatedSpiCard*, unsigned char, unsigned long)
 .text._ZN14ExFatPartition10rootLengthEv
                0x0000000000008774       0x18 .pio\build\uno_r4_minima\lib011\libSdFat.a(ExFatPartition.cpp.o)
                0x0000000000008774                ExFatPartition::rootLength()
 .text._ZN7FatFile8openRootEP9FatVolume.part.0
                0x000000000000878c       0x2c .pio\build\uno_r4_minima\lib011\libSdFat.a(FatFile.cpp.o)
 .text._ZN12FatPartition9cacheSyncEv
                0x00000000000087b8       0x24 .pio\build\uno_r4_minima\lib011\libSdFat.a(FatFile.cpp.o)
                0x00000000000087b8                FatPartition::cacheSync()
 .text._ZN7FatFile4copyEPKS_
                0x00000000000087dc       0x18 .pio\build\uno_r4_minima\lib011\libSdFat.a(FatFile.cpp.o)
                0x00000000000087dc                FatFile::copy(FatFile const*)
 .text._ZN7FatFile10addClusterEv
                0x00000000000087f4       0x36 .pio\build\uno_r4_minima\lib011\libSdFat.a(FatFile.cpp.o)
                0x00000000000087f4                FatFile::addCluster()
 *fill*         0x000000000000882a        0x2 ff
 .text._ZN7FatFile13addDirClusterEv
                0x000000000000882c       0x70 .pio\build\uno_r4_minima\lib011\libSdFat.a(FatFile.cpp.o)
                0x000000000000882c                FatFile::addDirCluster()
 .text._ZN7FatFile13cacheDirEntryEh
                0x000000000000889c       0x1e .pio\build\uno_r4_minima\lib011\libSdFat.a(FatFile.cpp.o)
                0x000000000000889c                FatFile::cacheDirEntry(unsigned char)
 .text._ZN7FatFile8openRootEP9FatVolume
                0x00000000000088ba        0xc .pio\build\uno_r4_minima\lib011\libSdFat.a(FatFile.cpp.o)
                0x00000000000088ba                FatFile::openRoot(FatVolume*)
 .text._ZN7FatFile4readEPvj
                0x00000000000088c6      0x188 .pio\build\uno_r4_minima\lib011\libSdFat.a(FatFile.cpp.o)
                0x00000000000088c6                FatFile::read(void*, unsigned int)
 .text._ZN7FatFile4peekEv
                0x0000000000008a4e       0x26 .pio\build\uno_r4_minima\lib011\libSdFat.a(FatFile.cpp.o)
                0x0000000000008a4e                FatFile::peek()
 .text._ZN7FatFile12readDirCacheEb
                0x0000000000008a74       0x3e .pio\build\uno_r4_minima\lib011\libSdFat.a(FatFile.cpp.o)
                0x0000000000008a74                FatFile::readDirCache(bool)
 .text._ZN7FatFile7seekSetEm
                0x0000000000008ab2       0xa0 .pio\build\uno_r4_minima\lib011\libSdFat.a(FatFile.cpp.o)
                0x0000000000008ab2                FatFile::seekSet(unsigned long)
 .text._ZN7FatFile15openCachedEntryEPS_tih
                0x0000000000008b52       0xcc .pio\build\uno_r4_minima\lib011\libSdFat.a(FatFile.cpp.o)
                0x0000000000008b52                FatFile::openCachedEntry(FatFile*, unsigned short, int, unsigned char)
 *fill*         0x0000000000008c1e        0x2 ff
 .text._ZN7FatFile4syncEv
                0x0000000000008c20       0x88 .pio\build\uno_r4_minima\lib011\libSdFat.a(FatFile.cpp.o)
                0x0000000000008c20                FatFile::sync()
 .text._ZN7FatFile5closeEv
                0x0000000000008ca8       0x10 .pio\build\uno_r4_minima\lib011\libSdFat.a(FatFile.cpp.o)
                0x0000000000008ca8                FatFile::close()
 .text._ZN7FatFile4openEPS_PKci
                0x0000000000008cb8       0x98 .pio\build\uno_r4_minima\lib011\libSdFat.a(FatFile.cpp.o)
                0x0000000000008cb8                FatFile::open(FatFile*, char const*, int)
 .text._ZN7FatFile4openEP9FatVolumePKci
                0x0000000000008d50        0xe .pio\build\uno_r4_minima\lib011\libSdFat.a(FatFile.cpp.o)
                0x0000000000008d50                FatFile::open(FatVolume*, char const*, int)
 *fill*         0x0000000000008d5e        0x2 ff
 .text._ZN7FatFile5writeEPKvj
                0x0000000000008d60      0x18c .pio\build\uno_r4_minima\lib011\libSdFat.a(FatFile.cpp.o)
                0x0000000000008d60                FatFile::write(void const*, unsigned int)
 .text._ZN7FatFile11lfnChecksumEPKh.isra.0
                0x0000000000008eec       0x1e .pio\build\uno_r4_minima\lib011\libSdFat.a(FatFileLFN.cpp.o)
 .text._ZN7FatFile8cacheDirEt
                0x0000000000008f0a       0x1a .pio\build\uno_r4_minima\lib011\libSdFat.a(FatFileLFN.cpp.o)
                0x0000000000008f0a                FatFile::cacheDir(unsigned short)
 .text._ZN7FatFile7cmpNameEtP8FatLfn_th
                0x0000000000008f24       0xa8 .pio\build\uno_r4_minima\lib011\libSdFat.a(FatFileLFN.cpp.o)
                0x0000000000008f24                FatFile::cmpName(unsigned short, FatLfn_t*, unsigned char)
 .text._ZN7FatFile9createLFNEtP8FatLfn_th
                0x0000000000008fcc       0xdc .pio\build\uno_r4_minima\lib011\libSdFat.a(FatFileLFN.cpp.o)
                0x0000000000008fcc                FatFile::createLFN(unsigned short, FatLfn_t*, unsigned char)
 .text._ZN7FatFile7makeSFNEP8FatLfn_t
                0x00000000000090a8      0x124 .pio\build\uno_r4_minima\lib011\libSdFat.a(FatFileLFN.cpp.o)
                0x00000000000090a8                FatFile::makeSFN(FatLfn_t*)
 .text._ZN7FatFile13makeUniqueSfnEP8FatLfn_t
                0x00000000000091cc       0x92 .pio\build\uno_r4_minima\lib011\libSdFat.a(FatFileLFN.cpp.o)
                0x00000000000091cc                FatFile::makeUniqueSfn(FatLfn_t*)
 *fill*         0x000000000000925e        0x2 ff
 .text._ZN7FatFile4openEPS_P8FatLfn_ti
                0x0000000000009260      0x278 .pio\build\uno_r4_minima\lib011\libSdFat.a(FatFileLFN.cpp.o)
                0x0000000000009260                FatFile::open(FatFile*, FatLfn_t*, int)
 .text._ZN7FatFile13parsePathNameEPKcP8FatLfn_tPS1_
                0x00000000000094d8       0x84 .pio\build\uno_r4_minima\lib011\libSdFat.a(FatFileLFN.cpp.o)
                0x00000000000094d8                FatFile::parsePathName(char const*, FatLfn_t*, char const**)
 .text._ZN7FatFile10getLfnCharEP8DirLfn_th
                0x000000000000955c       0x28 .pio\build\uno_r4_minima\lib011\libSdFat.a(FatName.cpp.o)
                0x000000000000955c                FatFile::getLfnChar(DirLfn_t*, unsigned char)
 .text._ZN12FatPartition6fatGetEmPm
                0x0000000000009584       0x6c .pio\build\uno_r4_minima\lib011\libSdFat.a(FatPartition.cpp.o)
                0x0000000000009584                FatPartition::fatGet(unsigned long, unsigned long*)
 .text._ZN12FatPartition6fatPutEmm
                0x00000000000095f0       0x5e .pio\build\uno_r4_minima\lib011\libSdFat.a(FatPartition.cpp.o)
                0x00000000000095f0                FatPartition::fatPut(unsigned long, unsigned long)
 .text._ZN12FatPartition15allocateClusterEmPm
                0x000000000000964e       0x76 .pio\build\uno_r4_minima\lib011\libSdFat.a(FatPartition.cpp.o)
                0x000000000000964e                FatPartition::allocateCluster(unsigned long, unsigned long*)
 .text._ZN12FatPartition9freeChainEm
                0x00000000000096c4       0x3a .pio\build\uno_r4_minima\lib011\libSdFat.a(FatPartition.cpp.o)
                0x00000000000096c4                FatPartition::freeChain(unsigned long)
 .text._ZN12FatPartition4initEP16DedicatedSpiCardhm
                0x00000000000096fe      0x10e .pio\build\uno_r4_minima\lib011\libSdFat.a(FatPartition.cpp.o)
                0x00000000000096fe                FatPartition::init(DedicatedSpiCard*, unsigned char, unsigned long)
 .text._ZN10FsBaseFile5closeEv
                0x000000000000980c       0x22 .pio\build\uno_r4_minima\lib011\libSdFat.a(FsFile.cpp.o)
                0x000000000000980c                FsBaseFile::close()
 .text._ZN10FsBaseFile4openEP8FsVolumePKci
                0x000000000000982e       0x76 .pio\build\uno_r4_minima\lib011\libSdFat.a(FsFile.cpp.o)
                0x000000000000982e                FsBaseFile::open(FsVolume*, char const*, int)
 .text._ZnwjPm  0x00000000000098a4        0x4 .pio\build\uno_r4_minima\lib011\libSdFat.a(FsNew.cpp.o)
                0x00000000000098a4                operator new(unsigned int, unsigned long*)
 .text._ZN10StreamFileI10FsBaseFileyE5flushEv
                0x00000000000098a8       0x14 .pio\build\uno_r4_minima\lib011\libSdFat.a(FsVolume.cpp.o)
                0x00000000000098a8                StreamFile<FsBaseFile, unsigned long long>::flush()
 .text._ZN10StreamFileI10FsBaseFileyE4readEv
                0x00000000000098bc       0x36 .pio\build\uno_r4_minima\lib011\libSdFat.a(FsVolume.cpp.o)
                0x00000000000098bc                StreamFile<FsBaseFile, unsigned long long>::read()
 .text._ZN10StreamFileI10FsBaseFileyE4peekEv
                0x00000000000098f2       0x18 .pio\build\uno_r4_minima\lib011\libSdFat.a(FsVolume.cpp.o)
                0x00000000000098f2                StreamFile<FsBaseFile, unsigned long long>::peek()
 .text._ZN10StreamFileI10FsBaseFileyE9availableEv
                0x000000000000990a       0x50 .pio\build\uno_r4_minima\lib011\libSdFat.a(FsVolume.cpp.o)
                0x000000000000990a                StreamFile<FsBaseFile, unsigned long long>::available()
 .text._ZN10FsBaseFile5writeEPKvj
                0x000000000000995a       0x14 .pio\build\uno_r4_minima\lib011\libSdFat.a(FsVolume.cpp.o)
                0x000000000000995a                FsBaseFile::write(void const*, unsigned int)
 .text._ZN10StreamFileI10FsBaseFileyE5writeEPKhj
                0x000000000000996e        0xa .pio\build\uno_r4_minima\lib011\libSdFat.a(FsVolume.cpp.o)
                0x000000000000996e                StreamFile<FsBaseFile, unsigned long long>::write(unsigned char const*, unsigned int)
 .text._ZN10StreamFileI10FsBaseFileyE5writeEh
                0x0000000000009978       0x18 .pio\build\uno_r4_minima\lib011\libSdFat.a(FsVolume.cpp.o)
                0x0000000000009978                StreamFile<FsBaseFile, unsigned long long>::write(unsigned char)
 .text._ZN8FsVolume5beginEP16DedicatedSpiCardbhm
                0x0000000000009990       0xf4 .pio\build\uno_r4_minima\lib011\libSdFat.a(FsVolume.cpp.o)
                0x0000000000009990                FsVolume::begin(DedicatedSpiCard*, bool, unsigned char, unsigned long)
 .text._ZN8FsVolume4openEPKci
                0x0000000000009a84       0x28 .pio\build\uno_r4_minima\lib011\libSdFat.a(FsVolume.cpp.o)
                0x0000000000009a84                FsVolume::open(char const*, int)
 .text._ZN7Timeout8timedOutEv.isra.0
                0x0000000000009aac       0x10 .pio\build\uno_r4_minima\lib011\libSdFat.a(SdSpiCard.cpp.o)
 .text._ZN18SdSpiArduinoDriver4sendEh.isra.0
                0x0000000000009abc        0x6 .pio\build\uno_r4_minima\lib011\libSdFat.a(SdSpiCard.cpp.o)
 .text._ZN18SdSpiArduinoDriver7receiveEv.isra.0
                0x0000000000009ac2        0x8 .pio\build\uno_r4_minima\lib011\libSdFat.a(SdSpiCard.cpp.o)
 .text._ZN13SharedSpiCard8spiStartEv
                0x0000000000009aca       0x32 .pio\build\uno_r4_minima\lib011\libSdFat.a(SdSpiCard.cpp.o)
                0x0000000000009aca                SharedSpiCard::spiStart()
 .text._ZN13SharedSpiCard7spiStopEv
                0x0000000000009afc       0x26 .pio\build\uno_r4_minima\lib011\libSdFat.a(SdSpiCard.cpp.o)
                0x0000000000009afc                SharedSpiCard::spiStop()
 .text._ZN13SharedSpiCard8readDataEPhj
                0x0000000000009b22       0x66 .pio\build\uno_r4_minima\lib011\libSdFat.a(SdSpiCard.cpp.o)
                0x0000000000009b22                SharedSpiCard::readData(unsigned char*, unsigned int)
 .text._ZN13SharedSpiCard8readDataEPh
                0x0000000000009b88        0x8 .pio\build\uno_r4_minima\lib011\libSdFat.a(SdSpiCard.cpp.o)
                0x0000000000009b88                SharedSpiCard::readData(unsigned char*)
 .text._ZN13SharedSpiCard9waitReadyEt
                0x0000000000009b90       0x2a .pio\build\uno_r4_minima\lib011\libSdFat.a(SdSpiCard.cpp.o)
                0x0000000000009b90                SharedSpiCard::waitReady(unsigned short)
 .text._ZN13SharedSpiCard9writeDataEhPKh
                0x0000000000009bba       0x54 .pio\build\uno_r4_minima\lib011\libSdFat.a(SdSpiCard.cpp.o)
                0x0000000000009bba                SharedSpiCard::writeData(unsigned char, unsigned char const*)
 .text._ZN13SharedSpiCard9writeDataEPKh
                0x0000000000009c0e       0x30 .pio\build\uno_r4_minima\lib011\libSdFat.a(SdSpiCard.cpp.o)
                0x0000000000009c0e                SharedSpiCard::writeData(unsigned char const*)
 .text._ZN13SharedSpiCard9writeStopEv
                0x0000000000009c3e       0x32 .pio\build\uno_r4_minima\lib011\libSdFat.a(SdSpiCard.cpp.o)
                0x0000000000009c3e                SharedSpiCard::writeStop()
 .text._ZN13SharedSpiCard10syncDeviceEv
                0x0000000000009c70       0x16 .pio\build\uno_r4_minima\lib011\libSdFat.a(SdSpiCard.cpp.o)
                0x0000000000009c70                SharedSpiCard::syncDevice()
 .text._ZN13SharedSpiCard11cardCommandEhm
                0x0000000000009c86       0x7a .pio\build\uno_r4_minima\lib011\libSdFat.a(SdSpiCard.cpp.o)
                0x0000000000009c86                SharedSpiCard::cardCommand(unsigned char, unsigned long)
 .text._ZN13SharedSpiCard8cardAcmdEhm
                0x0000000000009d00       0x1e .pio\build\uno_r4_minima\lib011\libSdFat.a(SdSpiCard.cpp.o)
                0x0000000000009d00                SharedSpiCard::cardAcmd(unsigned char, unsigned long)
 *fill*         0x0000000000009d1e        0x2 ff
 .text._ZN13SharedSpiCard5beginE11SdSpiConfig
                0x0000000000009d20      0x164 .pio\build\uno_r4_minima\lib011\libSdFat.a(SdSpiCard.cpp.o)
                0x0000000000009d20                SharedSpiCard::begin(SdSpiConfig)
 .text._ZN13SharedSpiCard9readStartEm
                0x0000000000009e84       0x2a .pio\build\uno_r4_minima\lib011\libSdFat.a(SdSpiCard.cpp.o)
                0x0000000000009e84                SharedSpiCard::readStart(unsigned long)
 .text._ZN13SharedSpiCard8readStopEv
                0x0000000000009eae       0x2a .pio\build\uno_r4_minima\lib011\libSdFat.a(SdSpiCard.cpp.o)
                0x0000000000009eae                SharedSpiCard::readStop()
 .text._ZN13SharedSpiCard11writeSectorEmPKh
                0x0000000000009ed8       0x6c .pio\build\uno_r4_minima\lib011\libSdFat.a(SdSpiCard.cpp.o)
                0x0000000000009ed8                SharedSpiCard::writeSector(unsigned long, unsigned char const*)
 .text._ZN13SharedSpiCard10writeStartEm
                0x0000000000009f44       0x2c .pio\build\uno_r4_minima\lib011\libSdFat.a(SdSpiCard.cpp.o)
                0x0000000000009f44                SharedSpiCard::writeStart(unsigned long)
 .text._ZN16DedicatedSpiCard5beginE11SdSpiConfig
                0x0000000000009f70       0x24 .pio\build\uno_r4_minima\lib011\libSdFat.a(SdSpiCard.cpp.o)
                0x0000000000009f70                DedicatedSpiCard::begin(SdSpiConfig)
 .text._ZN16DedicatedSpiCard11readSectorsEmPhj
                0x0000000000009f94       0x54 .pio\build\uno_r4_minima\lib011\libSdFat.a(SdSpiCard.cpp.o)
                0x0000000000009f94                DedicatedSpiCard::readSectors(unsigned long, unsigned char*, unsigned int)
 .text._ZN16DedicatedSpiCard10readSectorEmPh
                0x0000000000009fe8        0x6 .pio\build\uno_r4_minima\lib011\libSdFat.a(SdSpiCard.cpp.o)
                0x0000000000009fe8                DedicatedSpiCard::readSector(unsigned long, unsigned char*)
 .text._ZN16DedicatedSpiCard12writeSectorsEmPKhj
                0x0000000000009fee       0x54 .pio\build\uno_r4_minima\lib011\libSdFat.a(SdSpiCard.cpp.o)
                0x0000000000009fee                DedicatedSpiCard::writeSectors(unsigned long, unsigned char const*, unsigned int)
 .text._ZN16DedicatedSpiCard11writeSectorEmPKh
                0x000000000000a042        0xe .pio\build\uno_r4_minima\lib011\libSdFat.a(SdSpiCard.cpp.o)
                0x000000000000a042                DedicatedSpiCard::writeSector(unsigned long, unsigned char const*)
 .text._Z8sdCsInith
                0x000000000000a050        0x6 .pio\build\uno_r4_minima\lib011\libSdFat.a(SdSpiChipSelect.cpp.o)
                0x000000000000a050                sdCsInit(unsigned char)
 .text._Z9sdCsWritehb
                0x000000000000a056        0x4 .pio\build\uno_r4_minima\lib011\libSdFat.a(SdSpiChipSelect.cpp.o)
                0x000000000000a056                sdCsWrite(unsigned char, bool)
 .text._ZN7FsCache4syncEv
                0x000000000000a05a       0x4c .pio\build\uno_r4_minima\lib011\libSdFat.a(FsCache.cpp.o)
                0x000000000000a05a                FsCache::sync()
 .text._ZN7FsCache7prepareEmh
                0x000000000000a0a6       0x4a .pio\build\uno_r4_minima\lib011\libSdFat.a(FsCache.cpp.o)
                0x000000000000a0a6                FsCache::prepare(unsigned long, unsigned char)
 .text.PINCOUNT_fn
                0x000000000000a0f0        0x4 .pio\build\uno_r4_minima\libFrameworkArduinoVariant.a(variant.cpp.o)
                0x000000000000a0f0                PINCOUNT_fn
 .text.initVariant
                0x000000000000a0f4       0x98 .pio\build\uno_r4_minima\libFrameworkArduinoVariant.a(variant.cpp.o)
                0x000000000000a0f4                initVariant
 .text._ZN8FspTimerC2Ev
                0x000000000000a18c       0x12 .pio\build\uno_r4_minima\libFrameworkArduino.a(FspTimer.cpp.o)
                0x000000000000a18c                FspTimer::FspTimer()
                0x000000000000a18c                FspTimer::FspTimer()
 *fill*         0x000000000000a19e        0x2 ff
 .text._ZN8FspTimer5beginE12e_timer_modehhmm18e_timer_source_divPFvP22st_timer_callback_argsEPv
                0x000000000000a1a0      0x13c .pio\build\uno_r4_minima\libFrameworkArduino.a(FspTimer.cpp.o)
                0x000000000000a1a0                FspTimer::begin(e_timer_mode, unsigned char, unsigned char, unsigned long, unsigned long, e_timer_source_div, void (*)(st_timer_callback_args*), void*)
 .text._ZN8FspTimer4openEv
                0x000000000000a2dc       0x52 .pio\build\uno_r4_minima\libFrameworkArduino.a(FspTimer.cpp.o)
                0x000000000000a2dc                FspTimer::open()
 .text._ZN8FspTimer5startEv
                0x000000000000a32e       0x2e .pio\build\uno_r4_minima\libFrameworkArduino.a(FspTimer.cpp.o)
                0x000000000000a32e                FspTimer::start()
 .text._ZN8FspTimer5closeEv
                0x000000000000a35c       0x2e .pio\build\uno_r4_minima\libFrameworkArduino.a(FspTimer.cpp.o)
                0x000000000000a35c                FspTimer::close()
 *fill*         0x000000000000a38a        0x2 ff
 .text._ZN8FspTimer3endEv
                0x000000000000a38c       0x48 .pio\build\uno_r4_minima\libFrameworkArduino.a(FspTimer.cpp.o)
                0x000000000000a38c                FspTimer::end()
 .text._ZN8FspTimerD2Ev
                0x000000000000a3d4        0xc .pio\build\uno_r4_minima\libFrameworkArduino.a(FspTimer.cpp.o)
                0x000000000000a3d4                FspTimer::~FspTimer()
                0x000000000000a3d4                FspTimer::~FspTimer()
 .text._ZN8FspTimer15get_cfg_for_irqEv
                0x000000000000a3e0       0x14 .pio\build\uno_r4_minima\libFrameworkArduino.a(FspTimer.cpp.o)
                0x000000000000a3e0                FspTimer::get_cfg_for_irq()
 .text._ZN8FspTimer9is_openedEv
                0x000000000000a3f4       0x18 .pio\build\uno_r4_minima\libFrameworkArduino.a(FspTimer.cpp.o)
                0x000000000000a3f4                FspTimer::is_opened()
 .text._ZN8FspTimer18setup_overflow_irqEhPFvvE
                0x000000000000a40c       0x4e .pio\build\uno_r4_minima\libFrameworkArduino.a(FspTimer.cpp.o)
                0x000000000000a40c                FspTimer::setup_overflow_irq(unsigned char, void (*)())
 *fill*         0x000000000000a45a        0x2 ff
 .text.R_BSP_IrqCfg
                0x000000000000a45c       0x1c .pio\build\uno_r4_minima\libFrameworkArduino.a(IRQManager.cpp.o)
 .text.R_BSP_IrqEnable
                0x000000000000a478       0x34 .pio\build\uno_r4_minima\libFrameworkArduino.a(IRQManager.cpp.o)
 .text.R_BSP_IrqDisable
                0x000000000000a4ac       0x24 .pio\build\uno_r4_minima\libFrameworkArduino.a(IRQManager.cpp.o)
 .text.__tcf_0  0x000000000000a4d0        0x2 .pio\build\uno_r4_minima\libFrameworkArduino.a(IRQManager.cpp.o)
 *fill*         0x000000000000a4d2        0x2 ff
 .text.__NVIC_SetPriority.constprop.0
                0x000000000000a4d4       0x24 .pio\build\uno_r4_minima\libFrameworkArduino.a(IRQManager.cpp.o)
 .text._ZN10IRQManager11getInstanceEv
                0x000000000000a4f8       0x38 .pio\build\uno_r4_minima\libFrameworkArduino.a(IRQManager.cpp.o)
                0x000000000000a4f8                IRQManager::getInstance()
 .text._ZN10IRQManager18set_ext_link_eventEii
                0x000000000000a530       0xc8 .pio\build\uno_r4_minima\libFrameworkArduino.a(IRQManager.cpp.o)
                0x000000000000a530                IRQManager::set_ext_link_event(int, int)
 .text._ZN10IRQManager23set_gpt_over_link_eventEii
                0x000000000000a5f8       0x70 .pio\build\uno_r4_minima\libFrameworkArduino.a(IRQManager.cpp.o)
                0x000000000000a5f8                IRQManager::set_gpt_over_link_event(int, int)
 .text._ZN10IRQManager18set_agt_link_eventEii
                0x000000000000a668       0x28 .pio\build\uno_r4_minima\libFrameworkArduino.a(IRQManager.cpp.o)
                0x000000000000a668                IRQManager::set_agt_link_event(int, int)
 .text._ZN10IRQManager16addTimerOverflowER5timerPFvvE
                0x000000000000a690       0x7c .pio\build\uno_r4_minima\libFrameworkArduino.a(IRQManager.cpp.o)
                0x000000000000a690                IRQManager::addTimerOverflow(timer&, void (*)())
 .text._ZN10IRQManager21set_iic_tx_link_eventEii
                0x000000000000a70c       0x20 .pio\build\uno_r4_minima\libFrameworkArduino.a(IRQManager.cpp.o)
                0x000000000000a70c                IRQManager::set_iic_tx_link_event(int, int)
 .text._ZN10IRQManager21set_iic_rx_link_eventEii
                0x000000000000a72c       0x20 .pio\build\uno_r4_minima\libFrameworkArduino.a(IRQManager.cpp.o)
                0x000000000000a72c                IRQManager::set_iic_rx_link_event(int, int)
 .text._ZN10IRQManager22set_iic_tei_link_eventEii
                0x000000000000a74c       0x20 .pio\build\uno_r4_minima\libFrameworkArduino.a(IRQManager.cpp.o)
                0x000000000000a74c                IRQManager::set_iic_tei_link_event(int, int)
 .text._ZN10IRQManager22set_iic_eri_link_eventEii
                0x000000000000a76c       0x20 .pio\build\uno_r4_minima\libFrameworkArduino.a(IRQManager.cpp.o)
                0x000000000000a76c                IRQManager::set_iic_eri_link_event(int, int)
 .text._ZN10IRQManager21set_sci_tx_link_eventEii
                0x000000000000a78c       0x38 .pio\build\uno_r4_minima\libFrameworkArduino.a(IRQManager.cpp.o)
                0x000000000000a78c                IRQManager::set_sci_tx_link_event(int, int)
 .text._ZN10IRQManager21set_sci_rx_link_eventEii
                0x000000000000a7c4       0x38 .pio\build\uno_r4_minima\libFrameworkArduino.a(IRQManager.cpp.o)
                0x000000000000a7c4                IRQManager::set_sci_rx_link_event(int, int)
 .text._ZN10IRQManager22set_sci_tei_link_eventEii
                0x000000000000a7fc       0x38 .pio\build\uno_r4_minima\libFrameworkArduino.a(IRQManager.cpp.o)
                0x000000000000a7fc                IRQManager::set_sci_tei_link_event(int, int)
 .text._ZN10IRQManager22set_sci_eri_link_eventEii
                0x000000000000a834       0x38 .pio\build\uno_r4_minima\libFrameworkArduino.a(IRQManager.cpp.o)
                0x000000000000a834                IRQManager::set_sci_eri_link_event(int, int)
 .text._ZN10IRQManager21set_spi_tx_link_eventEii
                0x000000000000a86c       0x20 .pio\build\uno_r4_minima\libFrameworkArduino.a(IRQManager.cpp.o)
                0x000000000000a86c                IRQManager::set_spi_tx_link_event(int, int)
 .text._ZN10IRQManager21set_spi_rx_link_eventEii
                0x000000000000a88c       0x20 .pio\build\uno_r4_minima\libFrameworkArduino.a(IRQManager.cpp.o)
                0x000000000000a88c                IRQManager::set_spi_rx_link_event(int, int)
 .text._ZN10IRQManager22set_spi_tei_link_eventEii
                0x000000000000a8ac       0x20 .pio\build\uno_r4_minima\libFrameworkArduino.a(IRQManager.cpp.o)
                0x000000000000a8ac                IRQManager::set_spi_tei_link_event(int, int)
 .text._ZN10IRQManager22set_spi_eri_link_eventEii
                0x000000000000a8cc       0x20 .pio\build\uno_r4_minima\libFrameworkArduino.a(IRQManager.cpp.o)
                0x000000000000a8cc                IRQManager::set_spi_eri_link_event(int, int)
 .text._ZN10IRQManager13addPeripheralE12Peripheral_tPv
                0x000000000000a8ec      0x7a8 .pio\build\uno_r4_minima\libFrameworkArduino.a(IRQManager.cpp.o)
                0x000000000000a8ec                IRQManager::addPeripheral(Peripheral_t, void*)
 .text._ZL13readAllGroupAP13ADC_Container
                0x000000000000b094       0x30 .pio\build\uno_r4_minima\libFrameworkArduino.a(analog.cpp.o)
 .text._ZL11ADC_irq_cbkP20st_adc_callback_args
                0x000000000000b0c4       0x58 .pio\build\uno_r4_minima\libFrameworkArduino.a(analog.cpp.o)
 .text._ZL10adcConvertP13ADC_Containert
                0x000000000000b11c       0xa0 .pio\build\uno_r4_minima\libFrameworkArduino.a(analog.cpp.o)
 .text._ZL21get_ADC_container_ptrlRt.constprop.0
                0x000000000000b1bc       0x38 .pio\build\uno_r4_minima\libFrameworkArduino.a(analog.cpp.o)
 .text._ZN13ADC_ContainerC2EhPFvP20st_adc_callback_argsEPv
                0x000000000000b1f4       0x40 .pio\build\uno_r4_minima\libFrameworkArduino.a(analog.cpp.o)
                0x000000000000b1f4                ADC_Container::ADC_Container(unsigned char, void (*)(st_adc_callback_args*), void*)
                0x000000000000b1f4                ADC_Container::ADC_Container(unsigned char, void (*)(st_adc_callback_args*), void*)
 .text._ZN13ADC_ContainerD2Ev
                0x000000000000b234       0x12 .pio\build\uno_r4_minima\libFrameworkArduino.a(analog.cpp.o)
                0x000000000000b234                ADC_Container::~ADC_Container()
                0x000000000000b234                ADC_Container::~ADC_Container()
 *fill*         0x000000000000b246        0x2 ff
 .text.analogRead
                0x000000000000b248       0x40 .pio\build\uno_r4_minima\libFrameworkArduino.a(analog.cpp.o)
                0x000000000000b248                analogRead
 .text.analogReference
                0x000000000000b288       0x5c .pio\build\uno_r4_minima\libFrameworkArduino.a(analog.cpp.o)
                0x000000000000b288                analogReference
 *fill*         0x000000000000b2e4        0x4 ff
 .text._Z15analogReferencev
                0x000000000000b2e8      0x104 .pio\build\uno_r4_minima\libFrameworkArduino.a(analog.cpp.o)
                0x000000000000b2e8                analogReference()
 .text._Z23__get_timer_for_channeli
                0x000000000000b3ec       0x2c .pio\build\uno_r4_minima\libFrameworkArduino.a(analog.cpp.o)
                0x000000000000b3ec                __get_timer_for_channel(int)
 .text.startup._GLOBAL__sub_I__ZN13ADC_ContainerC2EhPFvP20st_adc_callback_argsEPv
                0x000000000000b418       0x48 .pio\build\uno_r4_minima\libFrameworkArduino.a(analog.cpp.o)
 .text.exit._GLOBAL__sub_D__ZN13ADC_ContainerC2EhPFvP20st_adc_callback_argsEPv
                0x000000000000b460       0x1c .pio\build\uno_r4_minima\libFrameworkArduino.a(analog.cpp.o)
 .text._Z3maplllll
                0x000000000000b47c       0x14 .pio\build\uno_r4_minima\libFrameworkArduino.a(Common.cpp.o)
                0x000000000000b47c                map(long, long, long, long, long)
 .text._ZN7arduino5Print5writeEPKhj
                0x000000000000b490       0x2a .pio\build\uno_r4_minima\libFrameworkArduino.a(Print.cpp.o)
                0x000000000000b490                arduino::Print::write(unsigned char const*, unsigned int)
 .text._ZN7arduino5Print5writeEPKc.part.0
                0x000000000000b4ba       0x20 .pio\build\uno_r4_minima\libFrameworkArduino.a(Print.cpp.o)
 .text._ZN7arduino5Print5writeEPKc
                0x000000000000b4da        0xa .pio\build\uno_r4_minima\libFrameworkArduino.a(Print.cpp.o)
                0x000000000000b4da                arduino::Print::write(char const*)
 .text._ZN7arduino5Print5printEPKc
                0x000000000000b4e4        0x8 .pio\build\uno_r4_minima\libFrameworkArduino.a(Print.cpp.o)
                0x000000000000b4e4                arduino::Print::print(char const*)
 .text._ZN7arduino5Print7printlnEv
                0x000000000000b4ec        0xc .pio\build\uno_r4_minima\libFrameworkArduino.a(Print.cpp.o)
                0x000000000000b4ec                arduino::Print::println()
 .text._ZN7arduino5Print7printlnEPKNS_19__FlashStringHelperE
                0x000000000000b4f8       0x14 .pio\build\uno_r4_minima\libFrameworkArduino.a(Print.cpp.o)
                0x000000000000b4f8                arduino::Print::println(arduino::__FlashStringHelper const*)
 .text._ZN7arduino5Print7printlnEPKc
                0x000000000000b50c        0x4 .pio\build\uno_r4_minima\libFrameworkArduino.a(Print.cpp.o)
                0x000000000000b50c                arduino::Print::println(char const*)
 .text._ZN7arduino6Stream9timedReadEv
                0x000000000000b510       0x2a .pio\build\uno_r4_minima\libFrameworkArduino.a(Stream.cpp.o)
                0x000000000000b510                arduino::Stream::timedRead()
 *fill*         0x000000000000b53a        0x2 ff
 .text._ZN7arduino6Stream10readStringEv
                0x000000000000b53c       0x28 .pio\build\uno_r4_minima\libFrameworkArduino.a(Stream.cpp.o)
                0x000000000000b53c                arduino::Stream::readString()
 .text._ZN7arduino6Stream15readStringUntilEc
                0x000000000000b564       0x30 .pio\build\uno_r4_minima\libFrameworkArduino.a(Stream.cpp.o)
                0x000000000000b564                arduino::Stream::readStringUntil(char)
 .text._ZN7arduino6StringD2Ev
                0x000000000000b594       0x10 .pio\build\uno_r4_minima\libFrameworkArduino.a(String.cpp.o)
                0x000000000000b594                arduino::String::~String()
                0x000000000000b594                arduino::String::~String()
 .text._ZN7arduino6String10invalidateEv
                0x000000000000b5a4       0x16 .pio\build\uno_r4_minima\libFrameworkArduino.a(String.cpp.o)
                0x000000000000b5a4                arduino::String::invalidate()
 .text._ZN7arduino6String12changeBufferEj
                0x000000000000b5ba       0x18 .pio\build\uno_r4_minima\libFrameworkArduino.a(String.cpp.o)
                0x000000000000b5ba                arduino::String::changeBuffer(unsigned int)
 .text._ZN7arduino6String7reserveEj
                0x000000000000b5d2       0x28 .pio\build\uno_r4_minima\libFrameworkArduino.a(String.cpp.o)
                0x000000000000b5d2                arduino::String::reserve(unsigned int)
 .text._ZN7arduino6String4copyEPKcj
                0x000000000000b5fa       0x32 .pio\build\uno_r4_minima\libFrameworkArduino.a(String.cpp.o)
                0x000000000000b5fa                arduino::String::copy(char const*, unsigned int)
 .text._ZN7arduino6StringC2EPKc
                0x000000000000b62c       0x26 .pio\build\uno_r4_minima\libFrameworkArduino.a(String.cpp.o)
                0x000000000000b62c                arduino::String::String(char const*)
                0x000000000000b62c                arduino::String::String(char const*)
 .text._ZN7arduino6String6concatEPKcj
                0x000000000000b652       0x42 .pio\build\uno_r4_minima\libFrameworkArduino.a(String.cpp.o)
                0x000000000000b652                arduino::String::concat(char const*, unsigned int)
 .text._ZN7arduino6String6concatEc
                0x000000000000b694       0x16 .pio\build\uno_r4_minima\libFrameworkArduino.a(String.cpp.o)
                0x000000000000b694                arduino::String::concat(char)
 .text._ZNK7arduino6String6equalsEPKc
                0x000000000000b6aa       0x28 .pio\build\uno_r4_minima\libFrameworkArduino.a(String.cpp.o)
                0x000000000000b6aa                arduino::String::equals(char const*) const
 .text._ZN7arduino6String4trimEv
                0x000000000000b6d2       0x50 .pio\build\uno_r4_minima\libFrameworkArduino.a(String.cpp.o)
                0x000000000000b6d2                arduino::String::trim()
 *fill*         0x000000000000b722        0x2 ff
 .text._ZN4CDacC2Eh
                0x000000000000b724       0x68 .pio\build\uno_r4_minima\libFrameworkArduino.a(dac.cpp.o)
                0x000000000000b724                CDac::CDac(unsigned char)
                0x000000000000b724                CDac::CDac(unsigned char)
 .text.startup._GLOBAL__sub_I__ZN4CDacC2Eh
                0x000000000000b78c        0xc .pio\build\uno_r4_minima\libFrameworkArduino.a(dac.cpp.o)
 .text.pinMode  0x000000000000b798       0x30 .pio\build\uno_r4_minima\libFrameworkArduino.a(digital.cpp.o)
                0x000000000000b798                pinMode
 .text.digitalWrite
                0x000000000000b7c8       0x18 .pio\build\uno_r4_minima\libFrameworkArduino.a(digital.cpp.o)
                0x000000000000b7c8                digitalWrite
 .text.R_BSP_PinAccessEnable
                0x000000000000b7e0       0x2c .pio\build\uno_r4_minima\libFrameworkArduino.a(main.cpp.o)
 .text.atexit   0x000000000000b80c        0x4 .pio\build\uno_r4_minima\libFrameworkArduino.a(main.cpp.o)
                0x000000000000b80c                atexit
 .text.__cxa_pure_virtual
                0x000000000000b810        0x8 .pio\build\uno_r4_minima\libFrameworkArduino.a(main.cpp.o)
                0x000000000000b810                __cxa_pure_virtual
 .text._Z12arduino_mainv
                0x000000000000b818       0x80 .pio\build\uno_r4_minima\libFrameworkArduino.a(main.cpp.o)
                0x000000000000b818                arduino_main()
 .text.hal_entry
                0x000000000000b898        0x6 .pio\build\uno_r4_minima\libFrameworkArduino.a(main.cpp.o)
                0x000000000000b898                hal_entry
 *fill*         0x000000000000b89e        0x2 ff
 .text._Z13pinPeripheral19e_bsp_io_port_pin_tm
                0x000000000000b8a0       0x10 .pio\build\uno_r4_minima\libFrameworkArduino.a(pinDefinitions.cpp.o)
                0x000000000000b8a0                pinPeripheral(e_bsp_io_port_pin_t, unsigned long)
 .text._ZL21timer_micros_callbackP22st_timer_callback_args
                0x000000000000b8b0       0x10 .pio\build\uno_r4_minima\libFrameworkArduino.a(time.cpp.o)
 .text.delay    0x000000000000b8c0        0x8 .pio\build\uno_r4_minima\libFrameworkArduino.a(time.cpp.o)
                0x000000000000b8c0                delay
 .text.delayMicroseconds
                0x000000000000b8c8        0x6 .pio\build\uno_r4_minima\libFrameworkArduino.a(time.cpp.o)
                0x000000000000b8c8                delayMicroseconds
 *fill*         0x000000000000b8ce        0x2 ff
 .text._Z8startAgtv
                0x000000000000b8d0       0x6c .pio\build\uno_r4_minima\libFrameworkArduino.a(time.cpp.o)
                0x000000000000b8d0                startAgt()
 .text.millis   0x000000000000b93c        0xc .pio\build\uno_r4_minima\libFrameworkArduino.a(time.cpp.o)
                0x000000000000b93c                millis
 .text.startup._GLOBAL__sub_I_delayMicroseconds
                0x000000000000b948        0xc .pio\build\uno_r4_minima\libFrameworkArduino.a(time.cpp.o)
 .text.exit._GLOBAL__sub_D_delayMicroseconds
                0x000000000000b954        0xc .pio\build\uno_r4_minima\libFrameworkArduino.a(time.cpp.o)
 .text._ZN10_SerialUSB5beginEmt
                0x000000000000b960        0x6 .pio\build\uno_r4_minima\libFrameworkArduino.a(SerialUSB.cpp.o)
                0x000000000000b960                _SerialUSB::begin(unsigned long, unsigned short)
 .text._ZN10_SerialUSB5beginEm
                0x000000000000b966        0xa .pio\build\uno_r4_minima\libFrameworkArduino.a(SerialUSB.cpp.o)
                0x000000000000b966                _SerialUSB::begin(unsigned long)
 .text._ZN10_SerialUSB3endEv
                0x000000000000b970        0x2 .pio\build\uno_r4_minima\libFrameworkArduino.a(SerialUSB.cpp.o)
                0x000000000000b970                _SerialUSB::end()
 .text._ZN10_SerialUSB5writeEh
                0x000000000000b972       0x18 .pio\build\uno_r4_minima\libFrameworkArduino.a(SerialUSB.cpp.o)
                0x000000000000b972                _SerialUSB::write(unsigned char)
 .text._ZN10_SerialUSB17availableForWriteEv
                0x000000000000b98a        0xc .pio\build\uno_r4_minima\libFrameworkArduino.a(SerialUSB.cpp.o)
                0x000000000000b98a                _SerialUSB::availableForWrite()
 .text._ZN10_SerialUSB5flushEv
                0x000000000000b996        0xc .pio\build\uno_r4_minima\libFrameworkArduino.a(SerialUSB.cpp.o)
                0x000000000000b996                _SerialUSB::flush()
 *fill*         0x000000000000b9a2        0x2 ff
 .text._ZL16CheckSerialResetv
                0x000000000000b9a4       0x68 .pio\build\uno_r4_minima\libFrameworkArduino.a(SerialUSB.cpp.o)
 .text._ZN10_SerialUSB4peekEv
                0x000000000000ba0c       0x22 .pio\build\uno_r4_minima\libFrameworkArduino.a(SerialUSB.cpp.o)
                0x000000000000ba0c                _SerialUSB::peek()
 .text._ZN10_SerialUSB9availableEv
                0x000000000000ba2e        0xc .pio\build\uno_r4_minima\libFrameworkArduino.a(SerialUSB.cpp.o)
                0x000000000000ba2e                _SerialUSB::available()
 .text._Z18__USBInstallSerialv
                0x000000000000ba3a        0x2 .pio\build\uno_r4_minima\libFrameworkArduino.a(SerialUSB.cpp.o)
                0x000000000000ba3a                __USBInstallSerial()
 .text._ZN10_SerialUSB9connectedEv
                0x000000000000ba3c       0x10 .pio\build\uno_r4_minima\libFrameworkArduino.a(SerialUSB.cpp.o)
                0x000000000000ba3c                _SerialUSB::connected()
 .text._ZN10_SerialUSB4readEv
                0x000000000000ba4c       0x38 .pio\build\uno_r4_minima\libFrameworkArduino.a(SerialUSB.cpp.o)
                0x000000000000ba4c                _SerialUSB::read()
 .text._ZN10_SerialUSB5writeEPKhj
                0x000000000000ba84       0x62 .pio\build\uno_r4_minima\libFrameworkArduino.a(SerialUSB.cpp.o)
                0x000000000000ba84                _SerialUSB::write(unsigned char const*, unsigned int)
 *fill*         0x000000000000bae6        0x2 ff
 .text._ZN10_SerialUSBcvbEv
                0x000000000000bae8       0x3c .pio\build\uno_r4_minima\libFrameworkArduino.a(SerialUSB.cpp.o)
                0x000000000000bae8                _SerialUSB::operator bool()
 .text.tud_dfu_runtime_reboot_to_dfu_cb
                0x000000000000bb24       0x58 .pio\build\uno_r4_minima\libFrameworkArduino.a(SerialUSB.cpp.o)
                0x000000000000bb24                tud_dfu_runtime_reboot_to_dfu_cb
 .text.tud_cdc_line_state_cb
                0x000000000000bb7c       0x14 .pio\build\uno_r4_minima\libFrameworkArduino.a(SerialUSB.cpp.o)
                0x000000000000bb7c                tud_cdc_line_state_cb
 .text.tud_cdc_line_coding_cb
                0x000000000000bb90       0x2c .pio\build\uno_r4_minima\libFrameworkArduino.a(SerialUSB.cpp.o)
                0x000000000000bb90                tud_cdc_line_coding_cb
 .text.startup._GLOBAL__sub_I__ZN10_SerialUSB5beginEm
                0x000000000000bbbc       0x1c .pio\build\uno_r4_minima\libFrameworkArduino.a(SerialUSB.cpp.o)
 .text._ZL5utox8mPc
                0x000000000000bbd8       0x22 .pio\build\uno_r4_minima\libFrameworkArduino.a(USB.cpp.o)
 *fill*         0x000000000000bbfa        0x2 ff
 .text._Z24_usbfs_interrupt_handlerv
                0x000000000000bbfc       0x34 .pio\build\uno_r4_minima\libFrameworkArduino.a(USB.cpp.o)
                0x000000000000bbfc                _usbfs_interrupt_handler()
 .text.tud_descriptor_device_cb
                0x000000000000bc30       0x10 .pio\build\uno_r4_minima\libFrameworkArduino.a(USB.cpp.o)
                0x000000000000bc30                tud_descriptor_device_cb
 .text.tud_hid_descriptor_report_cb
                0x000000000000bc40       0x1c .pio\build\uno_r4_minima\libFrameworkArduino.a(USB.cpp.o)
                0x000000000000bc40                tud_hid_descriptor_report_cb
 .text.tud_descriptor_configuration_cb
                0x000000000000bc5c        0xc .pio\build\uno_r4_minima\libFrameworkArduino.a(USB.cpp.o)
                0x000000000000bc5c                tud_descriptor_configuration_cb
 .text._Z20__SetupUSBDescriptorv
                0x000000000000bc68      0x17c .pio\build\uno_r4_minima\libFrameworkArduino.a(USB.cpp.o)
                0x000000000000bc68                __SetupUSBDescriptor()
 .text.tud_descriptor_string_cb
                0x000000000000bde4       0x90 .pio\build\uno_r4_minima\libFrameworkArduino.a(USB.cpp.o)
                0x000000000000bde4                tud_descriptor_string_cb
 .text._Z17configure_usb_muxv
                0x000000000000be74        0x2 .pio\build\uno_r4_minima\libFrameworkArduino.a(USB.cpp.o)
                0x000000000000be74                configure_usb_mux()
 *fill*         0x000000000000be76        0x2 ff
 .text._Z10__USBStartv
                0x000000000000be78       0x88 .pio\build\uno_r4_minima\libFrameworkArduino.a(USB.cpp.o)
                0x000000000000be78                __USBStart()
 .text.tud_hid_get_report_cb
                0x000000000000bf00        0x4 .pio\build\uno_r4_minima\libFrameworkArduino.a(USB.cpp.o)
                0x000000000000bf00                tud_hid_get_report_cb
 .text.tud_hid_set_report_cb
                0x000000000000bf04        0x2 .pio\build\uno_r4_minima\libFrameworkArduino.a(USB.cpp.o)
                0x000000000000bf04                tud_hid_set_report_cb
 *fill*         0x000000000000bf06        0x2 ff
 .text._Z10getPinCfgsh11PinCfgReq_t
                0x000000000000bf08       0xe0 .pio\build\uno_r4_minima\libFrameworkArduino.a(variant_helper.cpp.o)
                0x000000000000bf08                getPinCfgs(unsigned char, PinCfgReq_t)
 .text._prep_out_transaction.isra.0
                0x000000000000bfe8       0x44 .pio\build\uno_r4_minima\libFrameworkArduino.a(cdc_device.c.o)
 .text.tud_cdc_n_connected
                0x000000000000c02c       0x2c .pio\build\uno_r4_minima\libFrameworkArduino.a(cdc_device.c.o)
                0x000000000000c02c                tud_cdc_n_connected
 .text.tud_cdc_n_available
                0x000000000000c058       0x18 .pio\build\uno_r4_minima\libFrameworkArduino.a(cdc_device.c.o)
                0x000000000000c058                tud_cdc_n_available
 .text.tud_cdc_n_read
                0x000000000000c070       0x34 .pio\build\uno_r4_minima\libFrameworkArduino.a(cdc_device.c.o)
                0x000000000000c070                tud_cdc_n_read
 .text.tud_cdc_n_peek
                0x000000000000c0a4       0x14 .pio\build\uno_r4_minima\libFrameworkArduino.a(cdc_device.c.o)
                0x000000000000c0a4                tud_cdc_n_peek
 .text.tud_cdc_n_write_flush
                0x000000000000c0b8       0x80 .pio\build\uno_r4_minima\libFrameworkArduino.a(cdc_device.c.o)
                0x000000000000c0b8                tud_cdc_n_write_flush
 .text.tud_cdc_n_write
                0x000000000000c138       0x40 .pio\build\uno_r4_minima\libFrameworkArduino.a(cdc_device.c.o)
                0x000000000000c138                tud_cdc_n_write
 .text.tud_cdc_n_write_available
                0x000000000000c178       0x18 .pio\build\uno_r4_minima\libFrameworkArduino.a(cdc_device.c.o)
                0x000000000000c178                tud_cdc_n_write_available
 .text.cdcd_init
                0x000000000000c190       0x54 .pio\build\uno_r4_minima\libFrameworkArduino.a(cdc_device.c.o)
                0x000000000000c190                cdcd_init
 .text.cdcd_reset
                0x000000000000c1e4       0x30 .pio\build\uno_r4_minima\libFrameworkArduino.a(cdc_device.c.o)
                0x000000000000c1e4                cdcd_reset
 .text.cdcd_open
                0x000000000000c214       0xa4 .pio\build\uno_r4_minima\libFrameworkArduino.a(cdc_device.c.o)
                0x000000000000c214                cdcd_open
 .text.cdcd_control_xfer_cb
                0x000000000000c2b8       0xbc .pio\build\uno_r4_minima\libFrameworkArduino.a(cdc_device.c.o)
                0x000000000000c2b8                cdcd_control_xfer_cb
 .text.cdcd_xfer_cb
                0x000000000000c374      0x104 .pio\build\uno_r4_minima\libFrameworkArduino.a(cdc_device.c.o)
                0x000000000000c374                cdcd_xfer_cb
 .text.advance_index
                0x000000000000c478       0x18 .pio\build\uno_r4_minima\libFrameworkArduino.a(tusb_fifo.c.o)
 .text._tu_fifo_peek
                0x000000000000c490       0x4a .pio\build\uno_r4_minima\libFrameworkArduino.a(tusb_fifo.c.o)
 .text._ff_pull_const_addr
                0x000000000000c4da       0x2e .pio\build\uno_r4_minima\libFrameworkArduino.a(tusb_fifo.c.o)
 .text._tu_fifo_peek_n
                0x000000000000c508      0x122 .pio\build\uno_r4_minima\libFrameworkArduino.a(tusb_fifo.c.o)
 .text._ff_push_const_addr
                0x000000000000c62a       0x28 .pio\build\uno_r4_minima\libFrameworkArduino.a(tusb_fifo.c.o)
 .text._tu_fifo_write_n.part.0
                0x000000000000c652      0x17a .pio\build\uno_r4_minima\libFrameworkArduino.a(tusb_fifo.c.o)
 .text.tu_fifo_config
                0x000000000000c7cc       0x26 .pio\build\uno_r4_minima\libFrameworkArduino.a(tusb_fifo.c.o)
                0x000000000000c7cc                tu_fifo_config
 .text.tu_fifo_count
                0x000000000000c7f2       0x20 .pio\build\uno_r4_minima\libFrameworkArduino.a(tusb_fifo.c.o)
                0x000000000000c7f2                tu_fifo_count
 .text.tu_fifo_empty
                0x000000000000c812       0x10 .pio\build\uno_r4_minima\libFrameworkArduino.a(tusb_fifo.c.o)
                0x000000000000c812                tu_fifo_empty
 .text.tu_fifo_full
                0x000000000000c822       0x22 .pio\build\uno_r4_minima\libFrameworkArduino.a(tusb_fifo.c.o)
                0x000000000000c822                tu_fifo_full
 .text.tu_fifo_remaining
                0x000000000000c844       0x24 .pio\build\uno_r4_minima\libFrameworkArduino.a(tusb_fifo.c.o)
                0x000000000000c844                tu_fifo_remaining
 .text.tu_fifo_read
                0x000000000000c868       0x24 .pio\build\uno_r4_minima\libFrameworkArduino.a(tusb_fifo.c.o)
                0x000000000000c868                tu_fifo_read
 .text.tu_fifo_read_n
                0x000000000000c88c       0x2c .pio\build\uno_r4_minima\libFrameworkArduino.a(tusb_fifo.c.o)
                0x000000000000c88c                tu_fifo_read_n
 .text.tu_fifo_peek
                0x000000000000c8b8        0xc .pio\build\uno_r4_minima\libFrameworkArduino.a(tusb_fifo.c.o)
                0x000000000000c8b8                tu_fifo_peek
 .text.tu_fifo_write
                0x000000000000c8c4       0x48 .pio\build\uno_r4_minima\libFrameworkArduino.a(tusb_fifo.c.o)
                0x000000000000c8c4                tu_fifo_write
 .text.tu_fifo_write_n
                0x000000000000c90c        0xc .pio\build\uno_r4_minima\libFrameworkArduino.a(tusb_fifo.c.o)
                0x000000000000c90c                tu_fifo_write_n
 .text.tu_fifo_clear
                0x000000000000c918        0xa .pio\build\uno_r4_minima\libFrameworkArduino.a(tusb_fifo.c.o)
                0x000000000000c918                tu_fifo_clear
 .text.tu_fifo_set_overwritable
                0x000000000000c922        0xc .pio\build\uno_r4_minima\libFrameworkArduino.a(tusb_fifo.c.o)
                0x000000000000c922                tu_fifo_set_overwritable
 .text.tu_fifo_advance_write_pointer
                0x000000000000c92e       0x14 .pio\build\uno_r4_minima\libFrameworkArduino.a(tusb_fifo.c.o)